Command: vcs -full64 -sverilog +v2k -debug_access+all -debug_acc+pp+dmptf -ntb_opts \
uvm-1.1 +ntb_random_seed_automatic +memcbk +vcs+fsdbon+all -override_timescale=1ns/1ps \
-l i3c_compile.log +plusarg_ignore -f ../i3c_compile.f
                         Chronologic VCS (TM)
      Version Q-2020.03-SP2-8_Full64 -- Tue Oct  6 15:13:58 2026
               Copyright (c) 1991-2020 by Synopsys Inc.
                         ALL RIGHTS RESERVED

This program is proprietary and confidential information of Synopsys Inc.
and may be used and disclosed only as authorized in a license agreement
controlling such use and disclosure.


Warning-[UNK_COMP_ARG] Unknown compile time plus argument used
  Unknown compile time plus argument 'ntb_random_seed_automatic' is ignored.

 + use `+plusarg_save' to bind in runtime plusargs;
 + use `+plusarg_ignore' to suppress this message.
Parsing design file '/fetools/synopsys/installed_tools/vcs/vcs/Q-2020.03-SP2-8/etc/uvm-1.1/uvm_pkg.sv'
Parsing included file '/fetools/synopsys/installed_tools/vcs/vcs/Q-2020.03-SP2-8/etc/uvm-1.1/uvm_macros.svh'.
Parsing included file '/fetools/synopsys/installed_tools/vcs/vcs/Q-2020.03-SP2-8/etc/uvm-1.1/macros/uvm_version_defines.svh'.
Back to file '/fetools/synopsys/installed_tools/vcs/vcs/Q-2020.03-SP2-8/etc/uvm-1.1/uvm_macros.svh'.
Parsing included file '/fetools/synopsys/installed_tools/vcs/vcs/Q-2020.03-SP2-8/etc/uvm-1.1/macros/snps_macros.svp'.
Back to file '/fetools/synopsys/installed_tools/vcs/vcs/Q-2020.03-SP2-8/etc/uvm-1.1/uvm_macros.svh'.
Parsing included file '/fetools/synopsys/installed_tools/vcs/vcs/Q-2020.03-SP2-8/etc/uvm-1.1/macros/uvm_message_defines.svh'.
Back to file '/fetools/synopsys/installed_tools/vcs/vcs/Q-2020.03-SP2-8/etc/uvm-1.1/uvm_macros.svh'.
Parsing included file '/fetools/synopsys/installed_tools/vcs/vcs/Q-2020.03-SP2-8/etc/uvm-1.1/macros/uvm_phase_defines.svh'.
Back to file '/fetools/synopsys/installed_tools/vcs/vcs/Q-2020.03-SP2-8/etc/uvm-1.1/uvm_macros.svh'.
Parsing included file '/fetools/synopsys/installed_tools/vcs/vcs/Q-2020.03-SP2-8/etc/uvm-1.1/macros/uvm_object_defines.svh'.
Back to file '/fetools/synopsys/installed_tools/vcs/vcs/Q-2020.03-SP2-8/etc/uvm-1.1/uvm_macros.svh'.
Parsing included file '/fetools/synopsys/installed_tools/vcs/vcs/Q-2020.03-SP2-8/etc/uvm-1.1/macros/uvm_printer_defines.svh'.
Back to file '/fetools/synopsys/installed_tools/vcs/vcs/Q-2020.03-SP2-8/etc/uvm-1.1/uvm_macros.svh'.
Parsing included file '/fetools/synopsys/installed_tools/vcs/vcs/Q-2020.03-SP2-8/etc/uvm-1.1/macros/uvm_tlm_defines.svh'.
Parsing included file '/fetools/synopsys/installed_tools/vcs/vcs/Q-2020.03-SP2-8/etc/uvm-1.1/tlm1/uvm_tlm_imps.svh'.
Back to file '/fetools/synopsys/installed_tools/vcs/vcs/Q-2020.03-SP2-8/etc/uvm-1.1/macros/uvm_tlm_defines.svh'.
Back to file '/fetools/synopsys/installed_tools/vcs/vcs/Q-2020.03-SP2-8/etc/uvm-1.1/uvm_macros.svh'.
Parsing included file '/fetools/synopsys/installed_tools/vcs/vcs/Q-2020.03-SP2-8/etc/uvm-1.1/macros/uvm_sequence_defines.svh'.
Back to file '/fetools/synopsys/installed_tools/vcs/vcs/Q-2020.03-SP2-8/etc/uvm-1.1/uvm_macros.svh'.
Parsing included file '/fetools/synopsys/installed_tools/vcs/vcs/Q-2020.03-SP2-8/etc/uvm-1.1/macros/uvm_callback_defines.svh'.
Back to file '/fetools/synopsys/installed_tools/vcs/vcs/Q-2020.03-SP2-8/etc/uvm-1.1/uvm_macros.svh'.
Parsing included file '/fetools/synopsys/installed_tools/vcs/vcs/Q-2020.03-SP2-8/etc/uvm-1.1/macros/uvm_reg_defines.svh'.
Back to file '/fetools/synopsys/installed_tools/vcs/vcs/Q-2020.03-SP2-8/etc/uvm-1.1/uvm_macros.svh'.
Parsing included file '/fetools/synopsys/installed_tools/vcs/vcs/Q-2020.03-SP2-8/etc/uvm-1.1/macros/uvm_deprecated_defines.svh'.
Back to file '/fetools/synopsys/installed_tools/vcs/vcs/Q-2020.03-SP2-8/etc/uvm-1.1/uvm_macros.svh'.
Back to file '/fetools/synopsys/installed_tools/vcs/vcs/Q-2020.03-SP2-8/etc/uvm-1.1/uvm_pkg.sv'.
Parsing included file '/fetools/synopsys/installed_tools/vcs/vcs/Q-2020.03-SP2-8/etc/uvm-1.1/directc/uvm_directc.svh'.
Parsing included file '/fetools/synopsys/installed_tools/vcs/vcs/Q-2020.03-SP2-8/etc/uvm-1.1/directc/uvm_seed.vh'.
Back to file '/fetools/synopsys/installed_tools/vcs/vcs/Q-2020.03-SP2-8/etc/uvm-1.1/directc/uvm_directc.svh'.
Back to file '/fetools/synopsys/installed_tools/vcs/vcs/Q-2020.03-SP2-8/etc/uvm-1.1/uvm_pkg.sv'.
Parsing included file '/fetools/synopsys/installed_tools/vcs/vcs/Q-2020.03-SP2-8/etc/uvm-1.1/dpi/uvm_dpi.svh'.
Parsing included file '/fetools/synopsys/installed_tools/vcs/vcs/Q-2020.03-SP2-8/etc/uvm-1.1/dpi/uvm_hdl.svh'.
Back to file '/fetools/synopsys/installed_tools/vcs/vcs/Q-2020.03-SP2-8/etc/uvm-1.1/dpi/uvm_dpi.svh'.
Parsing included file '/fetools/synopsys/installed_tools/vcs/vcs/Q-2020.03-SP2-8/etc/uvm-1.1/dpi/uvm_svcmd_dpi.svh'.
Back to file '/fetools/synopsys/installed_tools/vcs/vcs/Q-2020.03-SP2-8/etc/uvm-1.1/dpi/uvm_dpi.svh'.
Parsing included file '/fetools/synopsys/installed_tools/vcs/vcs/Q-2020.03-SP2-8/etc/uvm-1.1/dpi/uvm_regex.svh'.
Back to file '/fetools/synopsys/installed_tools/vcs/vcs/Q-2020.03-SP2-8/etc/uvm-1.1/dpi/uvm_dpi.svh'.
Back to file '/fetools/synopsys/installed_tools/vcs/vcs/Q-2020.03-SP2-8/etc/uvm-1.1/uvm_pkg.sv'.
Parsing included file '/fetools/synopsys/installed_tools/vcs/vcs/Q-2020.03-SP2-8/etc/uvm-1.1/base/uvm_base.svh'.
Parsing included file '/fetools/synopsys/installed_tools/vcs/vcs/Q-2020.03-SP2-8/etc/uvm-1.1/base/uvm_version.svh'.
Back to file '/fetools/synopsys/installed_tools/vcs/vcs/Q-2020.03-SP2-8/etc/uvm-1.1/base/uvm_base.svh'.
Parsing included file '/fetools/synopsys/installed_tools/vcs/vcs/Q-2020.03-SP2-8/etc/uvm-1.1/base/uvm_object_globals.svh'.
Back to file '/fetools/synopsys/installed_tools/vcs/vcs/Q-2020.03-SP2-8/etc/uvm-1.1/base/uvm_base.svh'.
Parsing included file '/fetools/synopsys/installed_tools/vcs/vcs/Q-2020.03-SP2-8/etc/uvm-1.1/base/uvm_misc.svh'.
Back to file '/fetools/synopsys/installed_tools/vcs/vcs/Q-2020.03-SP2-8/etc/uvm-1.1/base/uvm_base.svh'.
Parsing included file '/fetools/synopsys/installed_tools/vcs/vcs/Q-2020.03-SP2-8/etc/uvm-1.1/base/uvm_object.svh'.
Back to file '/fetools/synopsys/installed_tools/vcs/vcs/Q-2020.03-SP2-8/etc/uvm-1.1/base/uvm_base.svh'.
Parsing included file '/fetools/synopsys/installed_tools/vcs/vcs/Q-2020.03-SP2-8/etc/uvm-1.1/base/uvm_pool.svh'.
Back to file '/fetools/synopsys/installed_tools/vcs/vcs/Q-2020.03-SP2-8/etc/uvm-1.1/base/uvm_base.svh'.
Parsing included file '/fetools/synopsys/installed_tools/vcs/vcs/Q-2020.03-SP2-8/etc/uvm-1.1/base/uvm_queue.svh'.
Back to file '/fetools/synopsys/installed_tools/vcs/vcs/Q-2020.03-SP2-8/etc/uvm-1.1/base/uvm_base.svh'.
Parsing included file '/fetools/synopsys/installed_tools/vcs/vcs/Q-2020.03-SP2-8/etc/uvm-1.1/base/uvm_factory.svh'.
Back to file '/fetools/synopsys/installed_tools/vcs/vcs/Q-2020.03-SP2-8/etc/uvm-1.1/base/uvm_base.svh'.
Parsing included file '/fetools/synopsys/installed_tools/vcs/vcs/Q-2020.03-SP2-8/etc/uvm-1.1/base/uvm_registry.svh'.
Back to file '/fetools/synopsys/installed_tools/vcs/vcs/Q-2020.03-SP2-8/etc/uvm-1.1/base/uvm_base.svh'.
Parsing included file '/fetools/synopsys/installed_tools/vcs/vcs/Q-2020.03-SP2-8/etc/uvm-1.1/base/uvm_spell_chkr.svh'.
Back to file '/fetools/synopsys/installed_tools/vcs/vcs/Q-2020.03-SP2-8/etc/uvm-1.1/base/uvm_base.svh'.
Parsing included file '/fetools/synopsys/installed_tools/vcs/vcs/Q-2020.03-SP2-8/etc/uvm-1.1/base/uvm_resource.svh'.
Back to file '/fetools/synopsys/installed_tools/vcs/vcs/Q-2020.03-SP2-8/etc/uvm-1.1/base/uvm_base.svh'.
Parsing included file '/fetools/synopsys/installed_tools/vcs/vcs/Q-2020.03-SP2-8/etc/uvm-1.1/deprecated/uvm_resource_converter.svh'.
Back to file '/fetools/synopsys/installed_tools/vcs/vcs/Q-2020.03-SP2-8/etc/uvm-1.1/base/uvm_base.svh'.
Parsing included file '/fetools/synopsys/installed_tools/vcs/vcs/Q-2020.03-SP2-8/etc/uvm-1.1/base/uvm_resource_specializations.svh'.
Back to file '/fetools/synopsys/installed_tools/vcs/vcs/Q-2020.03-SP2-8/etc/uvm-1.1/base/uvm_base.svh'.
Parsing included file '/fetools/synopsys/installed_tools/vcs/vcs/Q-2020.03-SP2-8/etc/uvm-1.1/base/uvm_resource_db.svh'.
Back to file '/fetools/synopsys/installed_tools/vcs/vcs/Q-2020.03-SP2-8/etc/uvm-1.1/base/uvm_base.svh'.
Parsing included file '/fetools/synopsys/installed_tools/vcs/vcs/Q-2020.03-SP2-8/etc/uvm-1.1/base/uvm_config_db.svh'.
Back to file '/fetools/synopsys/installed_tools/vcs/vcs/Q-2020.03-SP2-8/etc/uvm-1.1/base/uvm_base.svh'.
Parsing included file '/fetools/synopsys/installed_tools/vcs/vcs/Q-2020.03-SP2-8/etc/uvm-1.1/base/uvm_printer.svh'.
Back to file '/fetools/synopsys/installed_tools/vcs/vcs/Q-2020.03-SP2-8/etc/uvm-1.1/base/uvm_base.svh'.
Parsing included file '/fetools/synopsys/installed_tools/vcs/vcs/Q-2020.03-SP2-8/etc/uvm-1.1/base/uvm_comparer.svh'.
Back to file '/fetools/synopsys/installed_tools/vcs/vcs/Q-2020.03-SP2-8/etc/uvm-1.1/base/uvm_base.svh'.
Parsing included file '/fetools/synopsys/installed_tools/vcs/vcs/Q-2020.03-SP2-8/etc/uvm-1.1/base/uvm_packer.svh'.
Back to file '/fetools/synopsys/installed_tools/vcs/vcs/Q-2020.03-SP2-8/etc/uvm-1.1/base/uvm_base.svh'.
Parsing included file '/fetools/synopsys/installed_tools/vcs/vcs/Q-2020.03-SP2-8/etc/uvm-1.1/base/uvm_recorder.svh'.
Back to file '/fetools/synopsys/installed_tools/vcs/vcs/Q-2020.03-SP2-8/etc/uvm-1.1/base/uvm_base.svh'.
Parsing included file '/fetools/synopsys/installed_tools/vcs/vcs/Q-2020.03-SP2-8/etc/uvm-1.1/base/uvm_event_callback.svh'.
Back to file '/fetools/synopsys/installed_tools/vcs/vcs/Q-2020.03-SP2-8/etc/uvm-1.1/base/uvm_base.svh'.
Parsing included file '/fetools/synopsys/installed_tools/vcs/vcs/Q-2020.03-SP2-8/etc/uvm-1.1/base/uvm_event.svh'.
Back to file '/fetools/synopsys/installed_tools/vcs/vcs/Q-2020.03-SP2-8/etc/uvm-1.1/base/uvm_base.svh'.
Parsing included file '/fetools/synopsys/installed_tools/vcs/vcs/Q-2020.03-SP2-8/etc/uvm-1.1/base/uvm_barrier.svh'.
Back to file '/fetools/synopsys/installed_tools/vcs/vcs/Q-2020.03-SP2-8/etc/uvm-1.1/base/uvm_base.svh'.
Parsing included file '/fetools/synopsys/installed_tools/vcs/vcs/Q-2020.03-SP2-8/etc/uvm-1.1/base/uvm_callback.svh'.
Parsing included file '/fetools/synopsys/installed_tools/vcs/vcs/Q-2020.03-SP2-8/etc/uvm-1.1/uvm_macros.svh'.
Back to file '/fetools/synopsys/installed_tools/vcs/vcs/Q-2020.03-SP2-8/etc/uvm-1.1/base/uvm_callback.svh'.
Back to file '/fetools/synopsys/installed_tools/vcs/vcs/Q-2020.03-SP2-8/etc/uvm-1.1/base/uvm_base.svh'.
Parsing included file '/fetools/synopsys/installed_tools/vcs/vcs/Q-2020.03-SP2-8/etc/uvm-1.1/base/uvm_report_catcher.svh'.
Back to file '/fetools/synopsys/installed_tools/vcs/vcs/Q-2020.03-SP2-8/etc/uvm-1.1/base/uvm_base.svh'.
Parsing included file '/fetools/synopsys/installed_tools/vcs/vcs/Q-2020.03-SP2-8/etc/uvm-1.1/base/uvm_report_server.svh'.
Back to file '/fetools/synopsys/installed_tools/vcs/vcs/Q-2020.03-SP2-8/etc/uvm-1.1/base/uvm_base.svh'.
Parsing included file '/fetools/synopsys/installed_tools/vcs/vcs/Q-2020.03-SP2-8/etc/uvm-1.1/base/uvm_report_handler.svh'.
Back to file '/fetools/synopsys/installed_tools/vcs/vcs/Q-2020.03-SP2-8/etc/uvm-1.1/base/uvm_base.svh'.
Parsing included file '/fetools/synopsys/installed_tools/vcs/vcs/Q-2020.03-SP2-8/etc/uvm-1.1/base/uvm_report_object.svh'.
Back to file '/fetools/synopsys/installed_tools/vcs/vcs/Q-2020.03-SP2-8/etc/uvm-1.1/base/uvm_base.svh'.
Parsing included file '/fetools/synopsys/installed_tools/vcs/vcs/Q-2020.03-SP2-8/etc/uvm-1.1/base/uvm_transaction.svh'.
Back to file '/fetools/synopsys/installed_tools/vcs/vcs/Q-2020.03-SP2-8/etc/uvm-1.1/base/uvm_base.svh'.
Parsing included file '/fetools/synopsys/installed_tools/vcs/vcs/Q-2020.03-SP2-8/etc/uvm-1.1/base/uvm_phase.svh'.
Back to file '/fetools/synopsys/installed_tools/vcs/vcs/Q-2020.03-SP2-8/etc/uvm-1.1/base/uvm_base.svh'.
Parsing included file '/fetools/synopsys/installed_tools/vcs/vcs/Q-2020.03-SP2-8/etc/uvm-1.1/base/uvm_domain.svh'.
Back to file '/fetools/synopsys/installed_tools/vcs/vcs/Q-2020.03-SP2-8/etc/uvm-1.1/base/uvm_base.svh'.
Parsing included file '/fetools/synopsys/installed_tools/vcs/vcs/Q-2020.03-SP2-8/etc/uvm-1.1/base/uvm_bottomup_phase.svh'.
Back to file '/fetools/synopsys/installed_tools/vcs/vcs/Q-2020.03-SP2-8/etc/uvm-1.1/base/uvm_base.svh'.
Parsing included file '/fetools/synopsys/installed_tools/vcs/vcs/Q-2020.03-SP2-8/etc/uvm-1.1/base/uvm_topdown_phase.svh'.
Back to file '/fetools/synopsys/installed_tools/vcs/vcs/Q-2020.03-SP2-8/etc/uvm-1.1/base/uvm_base.svh'.
Parsing included file '/fetools/synopsys/installed_tools/vcs/vcs/Q-2020.03-SP2-8/etc/uvm-1.1/base/uvm_task_phase.svh'.
Back to file '/fetools/synopsys/installed_tools/vcs/vcs/Q-2020.03-SP2-8/etc/uvm-1.1/base/uvm_base.svh'.
Parsing included file '/fetools/synopsys/installed_tools/vcs/vcs/Q-2020.03-SP2-8/etc/uvm-1.1/base/uvm_common_phases.svh'.
Back to file '/fetools/synopsys/installed_tools/vcs/vcs/Q-2020.03-SP2-8/etc/uvm-1.1/base/uvm_base.svh'.
Parsing included file '/fetools/synopsys/installed_tools/vcs/vcs/Q-2020.03-SP2-8/etc/uvm-1.1/base/uvm_runtime_phases.svh'.
Back to file '/fetools/synopsys/installed_tools/vcs/vcs/Q-2020.03-SP2-8/etc/uvm-1.1/base/uvm_base.svh'.
Parsing included file '/fetools/synopsys/installed_tools/vcs/vcs/Q-2020.03-SP2-8/etc/uvm-1.1/base/uvm_component.svh'.
Parsing included file '/fetools/synopsys/installed_tools/vcs/vcs/Q-2020.03-SP2-8/etc/uvm-1.1/base/uvm_root.svh'.
Back to file '/fetools/synopsys/installed_tools/vcs/vcs/Q-2020.03-SP2-8/etc/uvm-1.1/base/uvm_component.svh'.
Back to file '/fetools/synopsys/installed_tools/vcs/vcs/Q-2020.03-SP2-8/etc/uvm-1.1/base/uvm_base.svh'.
Parsing included file '/fetools/synopsys/installed_tools/vcs/vcs/Q-2020.03-SP2-8/etc/uvm-1.1/base/uvm_objection.svh'.
Back to file '/fetools/synopsys/installed_tools/vcs/vcs/Q-2020.03-SP2-8/etc/uvm-1.1/base/uvm_base.svh'.
Parsing included file '/fetools/synopsys/installed_tools/vcs/vcs/Q-2020.03-SP2-8/etc/uvm-1.1/base/uvm_heartbeat.svh'.
Back to file '/fetools/synopsys/installed_tools/vcs/vcs/Q-2020.03-SP2-8/etc/uvm-1.1/base/uvm_base.svh'.
Parsing included file '/fetools/synopsys/installed_tools/vcs/vcs/Q-2020.03-SP2-8/etc/uvm-1.1/base/uvm_globals.svh'.
Back to file '/fetools/synopsys/installed_tools/vcs/vcs/Q-2020.03-SP2-8/etc/uvm-1.1/base/uvm_base.svh'.
Parsing included file '/fetools/synopsys/installed_tools/vcs/vcs/Q-2020.03-SP2-8/etc/uvm-1.1/base/uvm_cmdline_processor.svh'.
Back to file '/fetools/synopsys/installed_tools/vcs/vcs/Q-2020.03-SP2-8/etc/uvm-1.1/base/uvm_base.svh'.
Back to file '/fetools/synopsys/installed_tools/vcs/vcs/Q-2020.03-SP2-8/etc/uvm-1.1/uvm_pkg.sv'.
Parsing included file '/fetools/synopsys/installed_tools/vcs/vcs/Q-2020.03-SP2-8/etc/uvm-1.1/tlm1/uvm_tlm.svh'.
Parsing included file '/fetools/synopsys/installed_tools/vcs/vcs/Q-2020.03-SP2-8/etc/uvm-1.1/tlm1/uvm_tlm_ifs.svh'.
Back to file '/fetools/synopsys/installed_tools/vcs/vcs/Q-2020.03-SP2-8/etc/uvm-1.1/tlm1/uvm_tlm.svh'.
Parsing included file '/fetools/synopsys/installed_tools/vcs/vcs/Q-2020.03-SP2-8/etc/uvm-1.1/tlm1/uvm_sqr_ifs.svh'.
Back to file '/fetools/synopsys/installed_tools/vcs/vcs/Q-2020.03-SP2-8/etc/uvm-1.1/tlm1/uvm_tlm.svh'.
Parsing included file '/fetools/synopsys/installed_tools/vcs/vcs/Q-2020.03-SP2-8/etc/uvm-1.1/base/uvm_port_base.svh'.
Back to file '/fetools/synopsys/installed_tools/vcs/vcs/Q-2020.03-SP2-8/etc/uvm-1.1/tlm1/uvm_tlm.svh'.
Parsing included file '/fetools/synopsys/installed_tools/vcs/vcs/Q-2020.03-SP2-8/etc/uvm-1.1/tlm1/uvm_tlm_imps.svh'.
Back to file '/fetools/synopsys/installed_tools/vcs/vcs/Q-2020.03-SP2-8/etc/uvm-1.1/tlm1/uvm_tlm.svh'.
Parsing included file '/fetools/synopsys/installed_tools/vcs/vcs/Q-2020.03-SP2-8/etc/uvm-1.1/tlm1/uvm_imps.svh'.
Back to file '/fetools/synopsys/installed_tools/vcs/vcs/Q-2020.03-SP2-8/etc/uvm-1.1/tlm1/uvm_tlm.svh'.
Parsing included file '/fetools/synopsys/installed_tools/vcs/vcs/Q-2020.03-SP2-8/etc/uvm-1.1/tlm1/uvm_ports.svh'.
Back to file '/fetools/synopsys/installed_tools/vcs/vcs/Q-2020.03-SP2-8/etc/uvm-1.1/tlm1/uvm_tlm.svh'.
Parsing included file '/fetools/synopsys/installed_tools/vcs/vcs/Q-2020.03-SP2-8/etc/uvm-1.1/tlm1/uvm_exports.svh'.
Back to file '/fetools/synopsys/installed_tools/vcs/vcs/Q-2020.03-SP2-8/etc/uvm-1.1/tlm1/uvm_tlm.svh'.
Parsing included file '/fetools/synopsys/installed_tools/vcs/vcs/Q-2020.03-SP2-8/etc/uvm-1.1/tlm1/uvm_analysis_port.svh'.
Back to file '/fetools/synopsys/installed_tools/vcs/vcs/Q-2020.03-SP2-8/etc/uvm-1.1/tlm1/uvm_tlm.svh'.
Parsing included file '/fetools/synopsys/installed_tools/vcs/vcs/Q-2020.03-SP2-8/etc/uvm-1.1/tlm1/uvm_tlm_fifo_base.svh'.
Back to file '/fetools/synopsys/installed_tools/vcs/vcs/Q-2020.03-SP2-8/etc/uvm-1.1/tlm1/uvm_tlm.svh'.
Parsing included file '/fetools/synopsys/installed_tools/vcs/vcs/Q-2020.03-SP2-8/etc/uvm-1.1/tlm1/uvm_tlm_fifos.svh'.
Back to file '/fetools/synopsys/installed_tools/vcs/vcs/Q-2020.03-SP2-8/etc/uvm-1.1/tlm1/uvm_tlm.svh'.
Parsing included file '/fetools/synopsys/installed_tools/vcs/vcs/Q-2020.03-SP2-8/etc/uvm-1.1/tlm1/uvm_tlm_req_rsp.svh'.
Back to file '/fetools/synopsys/installed_tools/vcs/vcs/Q-2020.03-SP2-8/etc/uvm-1.1/tlm1/uvm_tlm.svh'.
Parsing included file '/fetools/synopsys/installed_tools/vcs/vcs/Q-2020.03-SP2-8/etc/uvm-1.1/tlm1/uvm_sqr_connections.svh'.
Back to file '/fetools/synopsys/installed_tools/vcs/vcs/Q-2020.03-SP2-8/etc/uvm-1.1/tlm1/uvm_tlm.svh'.
Back to file '/fetools/synopsys/installed_tools/vcs/vcs/Q-2020.03-SP2-8/etc/uvm-1.1/uvm_pkg.sv'.
Parsing included file '/fetools/synopsys/installed_tools/vcs/vcs/Q-2020.03-SP2-8/etc/uvm-1.1/comps/uvm_comps.svh'.
Parsing included file '/fetools/synopsys/installed_tools/vcs/vcs/Q-2020.03-SP2-8/etc/uvm-1.1/comps/uvm_pair.svh'.
Back to file '/fetools/synopsys/installed_tools/vcs/vcs/Q-2020.03-SP2-8/etc/uvm-1.1/comps/uvm_comps.svh'.
Parsing included file '/fetools/synopsys/installed_tools/vcs/vcs/Q-2020.03-SP2-8/etc/uvm-1.1/comps/uvm_policies.svh'.
Back to file '/fetools/synopsys/installed_tools/vcs/vcs/Q-2020.03-SP2-8/etc/uvm-1.1/comps/uvm_comps.svh'.
Parsing included file '/fetools/synopsys/installed_tools/vcs/vcs/Q-2020.03-SP2-8/etc/uvm-1.1/comps/uvm_in_order_comparator.svh'.
Back to file '/fetools/synopsys/installed_tools/vcs/vcs/Q-2020.03-SP2-8/etc/uvm-1.1/comps/uvm_comps.svh'.
Parsing included file '/fetools/synopsys/installed_tools/vcs/vcs/Q-2020.03-SP2-8/etc/uvm-1.1/comps/uvm_algorithmic_comparator.svh'.
Back to file '/fetools/synopsys/installed_tools/vcs/vcs/Q-2020.03-SP2-8/etc/uvm-1.1/comps/uvm_comps.svh'.
Parsing included file '/fetools/synopsys/installed_tools/vcs/vcs/Q-2020.03-SP2-8/etc/uvm-1.1/comps/uvm_random_stimulus.svh'.
Back to file '/fetools/synopsys/installed_tools/vcs/vcs/Q-2020.03-SP2-8/etc/uvm-1.1/comps/uvm_comps.svh'.
Parsing included file '/fetools/synopsys/installed_tools/vcs/vcs/Q-2020.03-SP2-8/etc/uvm-1.1/comps/uvm_subscriber.svh'.
Back to file '/fetools/synopsys/installed_tools/vcs/vcs/Q-2020.03-SP2-8/etc/uvm-1.1/comps/uvm_comps.svh'.
Parsing included file '/fetools/synopsys/installed_tools/vcs/vcs/Q-2020.03-SP2-8/etc/uvm-1.1/comps/uvm_monitor.svh'.
Back to file '/fetools/synopsys/installed_tools/vcs/vcs/Q-2020.03-SP2-8/etc/uvm-1.1/comps/uvm_comps.svh'.
Parsing included file '/fetools/synopsys/installed_tools/vcs/vcs/Q-2020.03-SP2-8/etc/uvm-1.1/comps/uvm_driver.svh'.
Back to file '/fetools/synopsys/installed_tools/vcs/vcs/Q-2020.03-SP2-8/etc/uvm-1.1/comps/uvm_comps.svh'.
Parsing included file '/fetools/synopsys/installed_tools/vcs/vcs/Q-2020.03-SP2-8/etc/uvm-1.1/comps/uvm_push_driver.svh'.
Back to file '/fetools/synopsys/installed_tools/vcs/vcs/Q-2020.03-SP2-8/etc/uvm-1.1/comps/uvm_comps.svh'.
Parsing included file '/fetools/synopsys/installed_tools/vcs/vcs/Q-2020.03-SP2-8/etc/uvm-1.1/comps/uvm_scoreboard.svh'.
Back to file '/fetools/synopsys/installed_tools/vcs/vcs/Q-2020.03-SP2-8/etc/uvm-1.1/comps/uvm_comps.svh'.
Parsing included file '/fetools/synopsys/installed_tools/vcs/vcs/Q-2020.03-SP2-8/etc/uvm-1.1/comps/uvm_agent.svh'.
Back to file '/fetools/synopsys/installed_tools/vcs/vcs/Q-2020.03-SP2-8/etc/uvm-1.1/comps/uvm_comps.svh'.
Parsing included file '/fetools/synopsys/installed_tools/vcs/vcs/Q-2020.03-SP2-8/etc/uvm-1.1/comps/uvm_env.svh'.
Back to file '/fetools/synopsys/installed_tools/vcs/vcs/Q-2020.03-SP2-8/etc/uvm-1.1/comps/uvm_comps.svh'.
Parsing included file '/fetools/synopsys/installed_tools/vcs/vcs/Q-2020.03-SP2-8/etc/uvm-1.1/comps/uvm_test.svh'.
Back to file '/fetools/synopsys/installed_tools/vcs/vcs/Q-2020.03-SP2-8/etc/uvm-1.1/comps/uvm_comps.svh'.
Back to file '/fetools/synopsys/installed_tools/vcs/vcs/Q-2020.03-SP2-8/etc/uvm-1.1/uvm_pkg.sv'.
Parsing included file '/fetools/synopsys/installed_tools/vcs/vcs/Q-2020.03-SP2-8/etc/uvm-1.1/seq/uvm_seq.svh'.
Parsing included file '/fetools/synopsys/installed_tools/vcs/vcs/Q-2020.03-SP2-8/etc/uvm-1.1/seq/uvm_sequence_item.svh'.
Back to file '/fetools/synopsys/installed_tools/vcs/vcs/Q-2020.03-SP2-8/etc/uvm-1.1/seq/uvm_seq.svh'.
Parsing included file '/fetools/synopsys/installed_tools/vcs/vcs/Q-2020.03-SP2-8/etc/uvm-1.1/seq/uvm_sequencer_base.svh'.
Back to file '/fetools/synopsys/installed_tools/vcs/vcs/Q-2020.03-SP2-8/etc/uvm-1.1/seq/uvm_seq.svh'.
Parsing included file '/fetools/synopsys/installed_tools/vcs/vcs/Q-2020.03-SP2-8/etc/uvm-1.1/seq/uvm_sequencer_analysis_fifo.svh'.
Back to file '/fetools/synopsys/installed_tools/vcs/vcs/Q-2020.03-SP2-8/etc/uvm-1.1/seq/uvm_seq.svh'.
Parsing included file '/fetools/synopsys/installed_tools/vcs/vcs/Q-2020.03-SP2-8/etc/uvm-1.1/seq/uvm_sequencer_param_base.svh'.
Back to file '/fetools/synopsys/installed_tools/vcs/vcs/Q-2020.03-SP2-8/etc/uvm-1.1/seq/uvm_seq.svh'.
Parsing included file '/fetools/synopsys/installed_tools/vcs/vcs/Q-2020.03-SP2-8/etc/uvm-1.1/seq/uvm_sequencer.svh'.
Back to file '/fetools/synopsys/installed_tools/vcs/vcs/Q-2020.03-SP2-8/etc/uvm-1.1/seq/uvm_seq.svh'.
Parsing included file '/fetools/synopsys/installed_tools/vcs/vcs/Q-2020.03-SP2-8/etc/uvm-1.1/seq/uvm_push_sequencer.svh'.
Back to file '/fetools/synopsys/installed_tools/vcs/vcs/Q-2020.03-SP2-8/etc/uvm-1.1/seq/uvm_seq.svh'.
Parsing included file '/fetools/synopsys/installed_tools/vcs/vcs/Q-2020.03-SP2-8/etc/uvm-1.1/seq/uvm_sequence_base.svh'.
Back to file '/fetools/synopsys/installed_tools/vcs/vcs/Q-2020.03-SP2-8/etc/uvm-1.1/seq/uvm_seq.svh'.
Parsing included file '/fetools/synopsys/installed_tools/vcs/vcs/Q-2020.03-SP2-8/etc/uvm-1.1/seq/uvm_sequence.svh'.
Back to file '/fetools/synopsys/installed_tools/vcs/vcs/Q-2020.03-SP2-8/etc/uvm-1.1/seq/uvm_seq.svh'.
Parsing included file '/fetools/synopsys/installed_tools/vcs/vcs/Q-2020.03-SP2-8/etc/uvm-1.1/seq/uvm_sequence_library.svh'.
Back to file '/fetools/synopsys/installed_tools/vcs/vcs/Q-2020.03-SP2-8/etc/uvm-1.1/seq/uvm_seq.svh'.
Parsing included file '/fetools/synopsys/installed_tools/vcs/vcs/Q-2020.03-SP2-8/etc/uvm-1.1/seq/uvm_sequence_builtin.svh'.
Back to file '/fetools/synopsys/installed_tools/vcs/vcs/Q-2020.03-SP2-8/etc/uvm-1.1/seq/uvm_seq.svh'.
Back to file '/fetools/synopsys/installed_tools/vcs/vcs/Q-2020.03-SP2-8/etc/uvm-1.1/uvm_pkg.sv'.
Parsing included file '/fetools/synopsys/installed_tools/vcs/vcs/Q-2020.03-SP2-8/etc/uvm-1.1/tlm2/uvm_tlm2.svh'.
Parsing included file '/fetools/synopsys/installed_tools/vcs/vcs/Q-2020.03-SP2-8/etc/uvm-1.1/tlm2/uvm_tlm2_defines.svh'.
Back to file '/fetools/synopsys/installed_tools/vcs/vcs/Q-2020.03-SP2-8/etc/uvm-1.1/tlm2/uvm_tlm2.svh'.
Parsing included file '/fetools/synopsys/installed_tools/vcs/vcs/Q-2020.03-SP2-8/etc/uvm-1.1/tlm2/uvm_tlm2_time.svh'.
Back to file '/fetools/synopsys/installed_tools/vcs/vcs/Q-2020.03-SP2-8/etc/uvm-1.1/tlm2/uvm_tlm2.svh'.
Parsing included file '/fetools/synopsys/installed_tools/vcs/vcs/Q-2020.03-SP2-8/etc/uvm-1.1/tlm2/uvm_tlm2_generic_payload.svh'.
Back to file '/fetools/synopsys/installed_tools/vcs/vcs/Q-2020.03-SP2-8/etc/uvm-1.1/tlm2/uvm_tlm2.svh'.
Parsing included file '/fetools/synopsys/installed_tools/vcs/vcs/Q-2020.03-SP2-8/etc/uvm-1.1/tlm2/uvm_tlm2_ifs.svh'.
Back to file '/fetools/synopsys/installed_tools/vcs/vcs/Q-2020.03-SP2-8/etc/uvm-1.1/tlm2/uvm_tlm2.svh'.
Parsing included file '/fetools/synopsys/installed_tools/vcs/vcs/Q-2020.03-SP2-8/etc/uvm-1.1/tlm2/uvm_tlm2_imps.svh'.
Back to file '/fetools/synopsys/installed_tools/vcs/vcs/Q-2020.03-SP2-8/etc/uvm-1.1/tlm2/uvm_tlm2.svh'.
Parsing included file '/fetools/synopsys/installed_tools/vcs/vcs/Q-2020.03-SP2-8/etc/uvm-1.1/tlm2/uvm_tlm2_ports.svh'.
Back to file '/fetools/synopsys/installed_tools/vcs/vcs/Q-2020.03-SP2-8/etc/uvm-1.1/tlm2/uvm_tlm2.svh'.
Parsing included file '/fetools/synopsys/installed_tools/vcs/vcs/Q-2020.03-SP2-8/etc/uvm-1.1/tlm2/uvm_tlm2_exports.svh'.
Back to file '/fetools/synopsys/installed_tools/vcs/vcs/Q-2020.03-SP2-8/etc/uvm-1.1/tlm2/uvm_tlm2.svh'.
Parsing included file '/fetools/synopsys/installed_tools/vcs/vcs/Q-2020.03-SP2-8/etc/uvm-1.1/tlm2/uvm_tlm2_sockets_base.svh'.
Back to file '/fetools/synopsys/installed_tools/vcs/vcs/Q-2020.03-SP2-8/etc/uvm-1.1/tlm2/uvm_tlm2.svh'.
Parsing included file '/fetools/synopsys/installed_tools/vcs/vcs/Q-2020.03-SP2-8/etc/uvm-1.1/tlm2/uvm_tlm2_sockets.svh'.
Back to file '/fetools/synopsys/installed_tools/vcs/vcs/Q-2020.03-SP2-8/etc/uvm-1.1/tlm2/uvm_tlm2.svh'.
Back to file '/fetools/synopsys/installed_tools/vcs/vcs/Q-2020.03-SP2-8/etc/uvm-1.1/uvm_pkg.sv'.
Parsing included file '/fetools/synopsys/installed_tools/vcs/vcs/Q-2020.03-SP2-8/etc/uvm-1.1/reg/uvm_reg_model.svh'.
Parsing included file '/fetools/synopsys/installed_tools/vcs/vcs/Q-2020.03-SP2-8/etc/uvm-1.1/reg/uvm_reg_item.svh'.
Back to file '/fetools/synopsys/installed_tools/vcs/vcs/Q-2020.03-SP2-8/etc/uvm-1.1/reg/uvm_reg_model.svh'.
Parsing included file '/fetools/synopsys/installed_tools/vcs/vcs/Q-2020.03-SP2-8/etc/uvm-1.1/reg/uvm_reg_adapter.svh'.
Back to file '/fetools/synopsys/installed_tools/vcs/vcs/Q-2020.03-SP2-8/etc/uvm-1.1/reg/uvm_reg_model.svh'.
Parsing included file '/fetools/synopsys/installed_tools/vcs/vcs/Q-2020.03-SP2-8/etc/uvm-1.1/reg/uvm_reg_predictor.svh'.
Back to file '/fetools/synopsys/installed_tools/vcs/vcs/Q-2020.03-SP2-8/etc/uvm-1.1/reg/uvm_reg_model.svh'.
Parsing included file '/fetools/synopsys/installed_tools/vcs/vcs/Q-2020.03-SP2-8/etc/uvm-1.1/reg/uvm_reg_sequence.svh'.
Back to file '/fetools/synopsys/installed_tools/vcs/vcs/Q-2020.03-SP2-8/etc/uvm-1.1/reg/uvm_reg_model.svh'.
Parsing included file '/fetools/synopsys/installed_tools/vcs/vcs/Q-2020.03-SP2-8/etc/uvm-1.1/reg/uvm_reg_cbs.svh'.
Back to file '/fetools/synopsys/installed_tools/vcs/vcs/Q-2020.03-SP2-8/etc/uvm-1.1/reg/uvm_reg_model.svh'.
Parsing included file '/fetools/synopsys/installed_tools/vcs/vcs/Q-2020.03-SP2-8/etc/uvm-1.1/reg/uvm_reg_backdoor.svh'.
Back to file '/fetools/synopsys/installed_tools/vcs/vcs/Q-2020.03-SP2-8/etc/uvm-1.1/reg/uvm_reg_model.svh'.
Parsing included file '/fetools/synopsys/installed_tools/vcs/vcs/Q-2020.03-SP2-8/etc/uvm-1.1/reg/uvm_reg_field.svh'.
Back to file '/fetools/synopsys/installed_tools/vcs/vcs/Q-2020.03-SP2-8/etc/uvm-1.1/reg/uvm_reg_model.svh'.
Parsing included file '/fetools/synopsys/installed_tools/vcs/vcs/Q-2020.03-SP2-8/etc/uvm-1.1/reg/uvm_vreg_field.svh'.
Back to file '/fetools/synopsys/installed_tools/vcs/vcs/Q-2020.03-SP2-8/etc/uvm-1.1/reg/uvm_reg_model.svh'.
Parsing included file '/fetools/synopsys/installed_tools/vcs/vcs/Q-2020.03-SP2-8/etc/uvm-1.1/reg/uvm_reg.svh'.
Back to file '/fetools/synopsys/installed_tools/vcs/vcs/Q-2020.03-SP2-8/etc/uvm-1.1/reg/uvm_reg_model.svh'.
Parsing included file '/fetools/synopsys/installed_tools/vcs/vcs/Q-2020.03-SP2-8/etc/uvm-1.1/reg/uvm_reg_indirect.svh'.
Back to file '/fetools/synopsys/installed_tools/vcs/vcs/Q-2020.03-SP2-8/etc/uvm-1.1/reg/uvm_reg_model.svh'.
Parsing included file '/fetools/synopsys/installed_tools/vcs/vcs/Q-2020.03-SP2-8/etc/uvm-1.1/reg/uvm_reg_fifo.svh'.
Back to file '/fetools/synopsys/installed_tools/vcs/vcs/Q-2020.03-SP2-8/etc/uvm-1.1/reg/uvm_reg_model.svh'.
Parsing included file '/fetools/synopsys/installed_tools/vcs/vcs/Q-2020.03-SP2-8/etc/uvm-1.1/reg/uvm_reg_file.svh'.
Back to file '/fetools/synopsys/installed_tools/vcs/vcs/Q-2020.03-SP2-8/etc/uvm-1.1/reg/uvm_reg_model.svh'.
Parsing included file '/fetools/synopsys/installed_tools/vcs/vcs/Q-2020.03-SP2-8/etc/uvm-1.1/reg/uvm_mem_mam.svh'.
Back to file '/fetools/synopsys/installed_tools/vcs/vcs/Q-2020.03-SP2-8/etc/uvm-1.1/reg/uvm_reg_model.svh'.
Parsing included file '/fetools/synopsys/installed_tools/vcs/vcs/Q-2020.03-SP2-8/etc/uvm-1.1/reg/uvm_vreg.svh'.
Back to file '/fetools/synopsys/installed_tools/vcs/vcs/Q-2020.03-SP2-8/etc/uvm-1.1/reg/uvm_reg_model.svh'.
Parsing included file '/fetools/synopsys/installed_tools/vcs/vcs/Q-2020.03-SP2-8/etc/uvm-1.1/reg/uvm_mem.svh'.
Back to file '/fetools/synopsys/installed_tools/vcs/vcs/Q-2020.03-SP2-8/etc/uvm-1.1/reg/uvm_reg_model.svh'.
Parsing included file '/fetools/synopsys/installed_tools/vcs/vcs/Q-2020.03-SP2-8/etc/uvm-1.1/reg/uvm_reg_map.svh'.
Back to file '/fetools/synopsys/installed_tools/vcs/vcs/Q-2020.03-SP2-8/etc/uvm-1.1/reg/uvm_reg_model.svh'.
Parsing included file '/fetools/synopsys/installed_tools/vcs/vcs/Q-2020.03-SP2-8/etc/uvm-1.1/reg/uvm_reg_block.svh'.
Back to file '/fetools/synopsys/installed_tools/vcs/vcs/Q-2020.03-SP2-8/etc/uvm-1.1/reg/uvm_reg_model.svh'.
Parsing included file '/fetools/synopsys/installed_tools/vcs/vcs/Q-2020.03-SP2-8/etc/uvm-1.1/reg/sequences/uvm_reg_hw_reset_seq.svh'.
Back to file '/fetools/synopsys/installed_tools/vcs/vcs/Q-2020.03-SP2-8/etc/uvm-1.1/reg/uvm_reg_model.svh'.
Parsing included file '/fetools/synopsys/installed_tools/vcs/vcs/Q-2020.03-SP2-8/etc/uvm-1.1/reg/sequences/uvm_reg_bit_bash_seq.svh'.
Back to file '/fetools/synopsys/installed_tools/vcs/vcs/Q-2020.03-SP2-8/etc/uvm-1.1/reg/uvm_reg_model.svh'.
Parsing included file '/fetools/synopsys/installed_tools/vcs/vcs/Q-2020.03-SP2-8/etc/uvm-1.1/reg/sequences/uvm_mem_walk_seq.svh'.
Back to file '/fetools/synopsys/installed_tools/vcs/vcs/Q-2020.03-SP2-8/etc/uvm-1.1/reg/uvm_reg_model.svh'.
Parsing included file '/fetools/synopsys/installed_tools/vcs/vcs/Q-2020.03-SP2-8/etc/uvm-1.1/reg/sequences/uvm_mem_access_seq.svh'.
Back to file '/fetools/synopsys/installed_tools/vcs/vcs/Q-2020.03-SP2-8/etc/uvm-1.1/reg/uvm_reg_model.svh'.
Parsing included file '/fetools/synopsys/installed_tools/vcs/vcs/Q-2020.03-SP2-8/etc/uvm-1.1/reg/sequences/uvm_reg_access_seq.svh'.
Back to file '/fetools/synopsys/installed_tools/vcs/vcs/Q-2020.03-SP2-8/etc/uvm-1.1/reg/uvm_reg_model.svh'.
Parsing included file '/fetools/synopsys/installed_tools/vcs/vcs/Q-2020.03-SP2-8/etc/uvm-1.1/reg/sequences/uvm_reg_mem_shared_access_seq.svh'.
Back to file '/fetools/synopsys/installed_tools/vcs/vcs/Q-2020.03-SP2-8/etc/uvm-1.1/reg/uvm_reg_model.svh'.
Parsing included file '/fetools/synopsys/installed_tools/vcs/vcs/Q-2020.03-SP2-8/etc/uvm-1.1/reg/sequences/uvm_reg_mem_built_in_seq.svh'.
Back to file '/fetools/synopsys/installed_tools/vcs/vcs/Q-2020.03-SP2-8/etc/uvm-1.1/reg/uvm_reg_model.svh'.
Parsing included file '/fetools/synopsys/installed_tools/vcs/vcs/Q-2020.03-SP2-8/etc/uvm-1.1/reg/sequences/uvm_reg_mem_hdl_paths_seq.svh'.
Back to file '/fetools/synopsys/installed_tools/vcs/vcs/Q-2020.03-SP2-8/etc/uvm-1.1/reg/uvm_reg_model.svh'.
Parsing included file '/fetools/synopsys/installed_tools/vcs/vcs/Q-2020.03-SP2-8/etc/uvm-1.1/reg/snps_uvm_reg_bank.svh'.
Back to file '/fetools/synopsys/installed_tools/vcs/vcs/Q-2020.03-SP2-8/etc/uvm-1.1/reg/uvm_reg_model.svh'.
Back to file '/fetools/synopsys/installed_tools/vcs/vcs/Q-2020.03-SP2-8/etc/uvm-1.1/uvm_pkg.sv'.
Parsing included file '/fetools/synopsys/installed_tools/vcs/vcs/Q-2020.03-SP2-8/etc/uvm-1.1/vcs/vcs_uvm_alt.sv'.
Back to file '/fetools/synopsys/installed_tools/vcs/vcs/Q-2020.03-SP2-8/etc/uvm-1.1/uvm_pkg.sv'.
Parsing design file '/fetools/synopsys/installed_tools/vcs/vcs/Q-2020.03-SP2-8/etc/uvm-1.1/vcs/uvm_custom_install_vcs_recorder.sv'
Parsing included file '/fetools/synopsys/installed_tools/vcs/vcs/Q-2020.03-SP2-8/etc/uvm-1.1/vcs/msglog.svh'.
Back to file '/fetools/synopsys/installed_tools/vcs/vcs/Q-2020.03-SP2-8/etc/uvm-1.1/vcs/uvm_custom_install_vcs_recorder.sv'.
Parsing included file '/fetools/synopsys/installed_tools/vcs/vcs/Q-2020.03-SP2-8/etc/uvm-1.1/vcs/uvm_msglog_report_server.sv'.
Back to file '/fetools/synopsys/installed_tools/vcs/vcs/Q-2020.03-SP2-8/etc/uvm-1.1/vcs/uvm_custom_install_vcs_recorder.sv'.
Parsing included file '/fetools/synopsys/installed_tools/vcs/vcs/Q-2020.03-SP2-8/etc/uvm-1.1/vcs/uvm_vcs_recorder.svh'.
Back to file '/fetools/synopsys/installed_tools/vcs/vcs/Q-2020.03-SP2-8/etc/uvm-1.1/vcs/uvm_custom_install_vcs_recorder.sv'.
Parsing included file '/fetools/synopsys/installed_tools/vcs/vcs/Q-2020.03-SP2-8/etc/uvm-1.1/vcs/uvm_vcs_record_interface.sv'.
Back to file '/fetools/synopsys/installed_tools/vcs/vcs/Q-2020.03-SP2-8/etc/uvm-1.1/vcs/uvm_custom_install_vcs_recorder.sv'.
Parsing design file '/fetools/synopsys/installed_tools/vcs/vcs/Q-2020.03-SP2-8/etc/uvm-1.1/verdi/uvm_custom_install_verdi_recorder.sv'
Parsing included file '/fetools/synopsys/installed_tools/vcs/vcs/Q-2020.03-SP2-8/etc/uvm-1.1/uvm_macros.svh'.
Back to file '/fetools/synopsys/installed_tools/vcs/vcs/Q-2020.03-SP2-8/etc/uvm-1.1/verdi/uvm_custom_install_verdi_recorder.sv'.
Parsing included file '/fetools/synopsys/installed_tools/vcs/vcs/Q-2020.03-SP2-8/etc/uvm-1.1/verdi/uvm_verdi_recorder.svh'.
Parsing included file '/fetools/synopsys/installed_tools/vcs/vcs/Q-2020.03-SP2-8/etc/uvm-1.1/verdi/uvm_verdi_pli_base.svh'.
Back to file '/fetools/synopsys/installed_tools/vcs/vcs/Q-2020.03-SP2-8/etc/uvm-1.1/verdi/uvm_verdi_recorder.svh'.
Back to file '/fetools/synopsys/installed_tools/vcs/vcs/Q-2020.03-SP2-8/etc/uvm-1.1/verdi/uvm_custom_install_verdi_recorder.sv'.
Parsing included file '/fetools/synopsys/installed_tools/vcs/vcs/Q-2020.03-SP2-8/etc/uvm-1.1/verdi/uvm_verdi_reg_map_recording.sv'.
Back to file '/fetools/synopsys/installed_tools/vcs/vcs/Q-2020.03-SP2-8/etc/uvm-1.1/verdi/uvm_custom_install_verdi_recorder.sv'.
Parsing included file '/fetools/synopsys/installed_tools/vcs/vcs/Q-2020.03-SP2-8/etc/uvm-1.1/verdi/uvm_verdi_message_catcher.svh'.
Parsing included file '/fetools/synopsys/installed_tools/vcs/vcs/Q-2020.03-SP2-8/etc/uvm-1.1/verdi/uvm_verdi_pli_base.svh'.
Back to file '/fetools/synopsys/installed_tools/vcs/vcs/Q-2020.03-SP2-8/etc/uvm-1.1/verdi/uvm_verdi_message_catcher.svh'.
Back to file '/fetools/synopsys/installed_tools/vcs/vcs/Q-2020.03-SP2-8/etc/uvm-1.1/verdi/uvm_custom_install_verdi_recorder.sv'.
Parsing included file '/fetools/synopsys/installed_tools/vcs/vcs/Q-2020.03-SP2-8/etc/uvm-1.1/verdi/./dpi/uvm_verdi_dpi.svh'.
Back to file '/fetools/synopsys/installed_tools/vcs/vcs/Q-2020.03-SP2-8/etc/uvm-1.1/verdi/uvm_custom_install_verdi_recorder.sv'.
Parsing included file '/fetools/synopsys/installed_tools/vcs/vcs/Q-2020.03-SP2-8/etc/uvm-1.1/verdi/uvm_verdi_reg_recording.sv'.
Back to file '/fetools/synopsys/installed_tools/vcs/vcs/Q-2020.03-SP2-8/etc/uvm-1.1/verdi/uvm_custom_install_verdi_recorder.sv'.
Parsing included file '/fetools/synopsys/installed_tools/verdi/verdi/Q-2020.03-SP2-8/share/PLI/VCS/include/verdi_trans_recorder_dpi.svh'.
Back to file '/fetools/synopsys/installed_tools/vcs/vcs/Q-2020.03-SP2-8/etc/uvm-1.1/verdi/uvm_custom_install_verdi_recorder.sv'.
Parsing included file '/fetools/synopsys/installed_tools/vcs/vcs/Q-2020.03-SP2-8/etc/uvm-1.1/verdi/uvm_verdi_pli.svh'.
Back to file '/fetools/synopsys/installed_tools/vcs/vcs/Q-2020.03-SP2-8/etc/uvm-1.1/verdi/uvm_custom_install_verdi_recorder.sv'.
Parsing design file '/fetools/synopsys/installed_tools/vcs/vcs/Q-2020.03-SP2-8/etc/uvm-1.1/verdi/uvm_custom_install_verdi_recorder.sv'
Parsing design file '../../src/globals/i3c_globals_pkg.sv'
Parsing design file '../../src/globals/apb_global_pkg.sv'
Parsing design file '../../src/hvl_top/target/i3c_target_pkg.sv'
Parsing included file '/fetools/synopsys/installed_tools/vcs/vcs/Q-2020.03-SP2-8/etc/uvm-1.1/uvm_macros.svh'.
Back to file '../../src/hvl_top/target/i3c_target_pkg.sv'.
Parsing included file '../../src/hvl_top/target/i3c_target_agent_config.sv'.
Back to file '../../src/hvl_top/target/i3c_target_pkg.sv'.
Parsing included file '../../src/hvl_top/target/i3c_target_tx.sv'.
Back to file '../../src/hvl_top/target/i3c_target_pkg.sv'.
Parsing included file '../../src/hvl_top/target/i3c_target_seq_item_converter.sv'.
Back to file '../../src/hvl_top/target/i3c_target_pkg.sv'.
Parsing included file '../../src/hvl_top/target/i3c_target_cfg_converter.sv'.
Back to file '../../src/hvl_top/target/i3c_target_pkg.sv'.
Parsing included file '../../src/hvl_top/target/i3c_target_sequencer.sv'.
Back to file '../../src/hvl_top/target/i3c_target_pkg.sv'.
Parsing included file '../../src/hvl_top/target/i3c_target_driver_proxy.sv'.
Back to file '../../src/hvl_top/target/i3c_target_pkg.sv'.
Parsing included file '../../src/hvl_top/target/i3c_target_monitor_proxy.sv'.
Back to file '../../src/hvl_top/target/i3c_target_pkg.sv'.
Parsing included file '../../src/hvl_top/target/i3c_target_coverage.sv'.
Back to file '../../src/hvl_top/target/i3c_target_pkg.sv'.
Parsing included file '../../src/hvl_top/target/i3c_target_agent.sv'.
Back to file '../../src/hvl_top/target/i3c_target_pkg.sv'.
Parsing design file '../../src/hvl_top/apb_master/apb_master_pkg.sv'
Parsing included file '/fetools/synopsys/installed_tools/vcs/vcs/Q-2020.03-SP2-8/etc/uvm-1.1/uvm_macros.svh'.
Back to file '../../src/hvl_top/apb_master/apb_master_pkg.sv'.
Parsing included file '../../src/hvl_top/apb_master/apb_master_agent_config.sv'.
Back to file '../../src/hvl_top/apb_master/apb_master_pkg.sv'.
Parsing included file '../../src/hvl_top/apb_master/apb_master_tx.sv'.
Back to file '../../src/hvl_top/apb_master/apb_master_pkg.sv'.
Parsing included file '../../src/hvl_top/apb_master/apb_master_seq_item_converter.sv'.
Back to file '../../src/hvl_top/apb_master/apb_master_pkg.sv'.
Parsing included file '../../src/hvl_top/apb_master/apb_master_cfg_converter.sv'.
Back to file '../../src/hvl_top/apb_master/apb_master_pkg.sv'.
Parsing included file '../../src/hvl_top/apb_master/apb_master_adapter.sv'.
Back to file '../../src/hvl_top/apb_master/apb_master_pkg.sv'.
Parsing included file '../../src/hvl_top/apb_master/apb_master_sequencer.sv'.
Back to file '../../src/hvl_top/apb_master/apb_master_pkg.sv'.
Parsing included file '../../src/hvl_top/apb_master/apb_master_driver_proxy.sv'.
Back to file '../../src/hvl_top/apb_master/apb_master_pkg.sv'.
Parsing included file '../../src/hvl_top/apb_master/apb_master_monitor_proxy.sv'.
Back to file '../../src/hvl_top/apb_master/apb_master_pkg.sv'.
Parsing included file '../../src/hvl_top/apb_master/apb_master_coverage.sv'.
Back to file '../../src/hvl_top/apb_master/apb_master_pkg.sv'.
Parsing included file '../../src/hvl_top/apb_master/apb_master_agent.sv'.
Back to file '../../src/hvl_top/apb_master/apb_master_pkg.sv'.
Parsing design file '../../src/hvl_top/target/target_sequences/i3c_target_seq_pkg.sv'
Parsing included file '/fetools/synopsys/installed_tools/vcs/vcs/Q-2020.03-SP2-8/etc/uvm-1.1/uvm_macros.svh'.
Back to file '../../src/hvl_top/target/target_sequences/i3c_target_seq_pkg.sv'.
Parsing included file '../../src/hvl_top/target/target_sequences/i3c_target_base_seq.sv'.
Back to file '../../src/hvl_top/target/target_sequences/i3c_target_seq_pkg.sv'.
Parsing included file '../../src/hvl_top/target/target_sequences/i3c_target_writeOperationWith8bitsData_seq.sv'.
Back to file '../../src/hvl_top/target/target_sequences/i3c_target_seq_pkg.sv'.
Parsing included file '../../src/hvl_top/target/target_sequences/i3c_target_readOperationWith8bitsData_seq.sv'.
Back to file '../../src/hvl_top/target/target_sequences/i3c_target_seq_pkg.sv'.
Parsing included file '../../src/hvl_top/target/target_sequences/i3c_target_writeOperationWith16bitsData_seq.sv'.
Back to file '../../src/hvl_top/target/target_sequences/i3c_target_seq_pkg.sv'.
Parsing included file '../../src/hvl_top/target/target_sequences/i3c_target_readOperationWith16bitsData_seq.sv'.
Back to file '../../src/hvl_top/target/target_sequences/i3c_target_seq_pkg.sv'.
Parsing included file '../../src/hvl_top/target/target_sequences/i3c_target_writeOperationWith32bitsData_seq.sv'.
Back to file '../../src/hvl_top/target/target_sequences/i3c_target_seq_pkg.sv'.
Parsing included file '../../src/hvl_top/target/target_sequences/i3c_target_readOperationWith32bitsData_seq.sv'.
Back to file '../../src/hvl_top/target/target_sequences/i3c_target_seq_pkg.sv'.
Parsing included file '../../src/hvl_top/target/target_sequences/i3c_target_writeOperationWith64bitsData_seq.sv'.
Back to file '../../src/hvl_top/target/target_sequences/i3c_target_seq_pkg.sv'.
Parsing included file '../../src/hvl_top/target/target_sequences/i3c_target_readOperationWith64bitsData_seq.sv'.
Back to file '../../src/hvl_top/target/target_sequences/i3c_target_seq_pkg.sv'.
Parsing included file '../../src/hvl_top/target/target_sequences/i3c_target_writeOperationWithMaximumbitsData_seq.sv'.
Back to file '../../src/hvl_top/target/target_sequences/i3c_target_seq_pkg.sv'.
Parsing included file '../../src/hvl_top/target/target_sequences/i3c_target_readOperationWithMaximumbitsData_seq.sv'.
Back to file '../../src/hvl_top/target/target_sequences/i3c_target_seq_pkg.sv'.
Parsing included file '../../src/hvl_top/target/target_sequences/i3c_target_writeOperationWithRandomDataTransferWidth_seq.sv'.
Back to file '../../src/hvl_top/target/target_sequences/i3c_target_seq_pkg.sv'.
Parsing included file '../../src/hvl_top/target/target_sequences/i3c_target_readOperationWithRandomDataTransferWidth_seq.sv'.
Back to file '../../src/hvl_top/target/target_sequences/i3c_target_seq_pkg.sv'.
Parsing included file '../../src/hvl_top/target/target_sequences/i3c_target_randomOperationWithRandomDataTransferWidth_seq.sv'.
Back to file '../../src/hvl_top/target/target_sequences/i3c_target_seq_pkg.sv'.
Parsing included file '../../src/hvl_top/target/target_sequences/i3c_target_writeOperationWithRandomWriteDataStatusNACK_seq.sv'.
Back to file '../../src/hvl_top/target/target_sequences/i3c_target_seq_pkg.sv'.
Parsing included file '../../src/hvl_top/target/target_sequences/i3c_target_daa_seq.sv'.
Back to file '../../src/hvl_top/target/target_sequences/i3c_target_seq_pkg.sv'.
Parsing included file '../../src/hvl_top/target/target_sequences/i3c_target_hot_join_seq.sv'.
Back to file '../../src/hvl_top/target/target_sequences/i3c_target_seq_pkg.sv'.
Parsing included file '../../src/hvl_top/target/target_sequences/i3c_target_ibi_seq.sv'.
Back to file '../../src/hvl_top/target/target_sequences/i3c_target_seq_pkg.sv'.
Parsing included file '../../src/hvl_top/target/target_sequences/i3c_target_hdr_write_seq.sv'.
Back to file '../../src/hvl_top/target/target_sequences/i3c_target_seq_pkg.sv'.
Parsing included file '../../src/hvl_top/target/target_sequences/i3c_target_hdr_read_seq.sv'.
Back to file '../../src/hvl_top/target/target_sequences/i3c_target_seq_pkg.sv'.
Parsing design file '../../src/hvl_top/apb_master/master_sequences/apb_master_seq_pkg.sv'
Parsing included file '/fetools/synopsys/installed_tools/vcs/vcs/Q-2020.03-SP2-8/etc/uvm-1.1/uvm_macros.svh'.
Back to file '../../src/hvl_top/apb_master/master_sequences/apb_master_seq_pkg.sv'.
Parsing included file '../../src/hvl_top/apb_master/master_sequences/apb_master_base_seq.sv'.
Back to file '../../src/hvl_top/apb_master/master_sequences/apb_master_seq_pkg.sv'.
Parsing included file '../../src/hvl_top/apb_master/master_sequences/apb_master_vd_vws_seq.sv'.
Back to file '../../src/hvl_top/apb_master/master_sequences/apb_master_seq_pkg.sv'.
Parsing included file '../../src/hvl_top/apb_master/master_sequences/apb_master_8b_write_seq.sv'.
Back to file '../../src/hvl_top/apb_master/master_sequences/apb_master_seq_pkg.sv'.
Parsing included file '../../src/hvl_top/apb_master/master_sequences/apb_master_8b_write_read_seq.sv'.
Back to file '../../src/hvl_top/apb_master/master_sequences/apb_master_seq_pkg.sv'.
Parsing included file '../../src/hvl_top/apb_master/master_sequences/apb_master_16b_write_seq.sv'.
Back to file '../../src/hvl_top/apb_master/master_sequences/apb_master_seq_pkg.sv'.
Parsing included file '../../src/hvl_top/apb_master/master_sequences/apb_master_24b_write_seq.sv'.
Back to file '../../src/hvl_top/apb_master/master_sequences/apb_master_seq_pkg.sv'.
Parsing included file '../../src/hvl_top/apb_master/master_sequences/apb_master_32b_write_seq.sv'.
Back to file '../../src/hvl_top/apb_master/master_sequences/apb_master_seq_pkg.sv'.
Parsing included file '../../src/hvl_top/apb_master/master_sequences/apb_master_8b_read_seq.sv'.
Back to file '../../src/hvl_top/apb_master/master_sequences/apb_master_seq_pkg.sv'.
Parsing design file '../../src/hvl_top/env/i3c_env_pkg.sv'
Parsing included file '/fetools/synopsys/installed_tools/vcs/vcs/Q-2020.03-SP2-8/etc/uvm-1.1/uvm_macros.svh'.
Back to file '../../src/hvl_top/env/i3c_env_pkg.sv'.
Parsing included file '../../src/hvl_top/env/i3c_ral_reg.sv'.
Back to file '../../src/hvl_top/env/i3c_env_pkg.sv'.
Parsing included file '../../src/hvl_top/env/i3c_ral_reg_block.sv'.
Back to file '../../src/hvl_top/env/i3c_env_pkg.sv'.
Parsing included file '../../src/hvl_top/env/i3c_env_config.sv'.
Back to file '../../src/hvl_top/env/i3c_env_pkg.sv'.
Parsing included file '../../src/hvl_top/env/apb_env_config.sv'.
Back to file '../../src/hvl_top/env/i3c_env_pkg.sv'.
Parsing included file '../../src/hvl_top/env/virtual_sequencer/i3c_virtual_sequencer.sv'.
Back to file '../../src/hvl_top/env/i3c_env_pkg.sv'.
Parsing included file '../../src/hvl_top/env/i3c_scoreboard.sv'.
Back to file '../../src/hvl_top/env/i3c_env_pkg.sv'.
Parsing included file '../../src/hvl_top/env/i3c_env.sv'.
Back to file '../../src/hvl_top/env/i3c_env_pkg.sv'.
Parsing design file '../../src/hvl_top/test/ral_virtual_sequences/i3c_ral_virtual_seq_pkg.sv'
Parsing included file '/fetools/synopsys/installed_tools/vcs/vcs/Q-2020.03-SP2-8/etc/uvm-1.1/uvm_macros.svh'.
Back to file '../../src/hvl_top/test/ral_virtual_sequences/i3c_ral_virtual_seq_pkg.sv'.
Parsing included file '../../src/hvl_top/test/ral_virtual_sequences/top_virtual_base_seq.sv'.
Back to file '../../src/hvl_top/test/ral_virtual_sequences/i3c_ral_virtual_seq_pkg.sv'.
Parsing included file '../../src/hvl_top/test/ral_virtual_sequences/i3c_sdr_write_virtual_seq.sv'.
Back to file '../../src/hvl_top/test/ral_virtual_sequences/i3c_ral_virtual_seq_pkg.sv'.
Parsing included file '../../src/hvl_top/test/ral_virtual_sequences/i3c_sdr_read_virtual_seq.sv'.
Back to file '../../src/hvl_top/test/ral_virtual_sequences/i3c_ral_virtual_seq_pkg.sv'.
Parsing included file '../../src/hvl_top/test/ral_virtual_sequences/i3c_sdr_multi_write_read_virtual_seq.sv'.
Back to file '../../src/hvl_top/test/ral_virtual_sequences/i3c_ral_virtual_seq_pkg.sv'.
Parsing included file '../../src/hvl_top/test/ral_virtual_sequences/i3c_sdr_write_read_virtual_seq.sv'.
Back to file '../../src/hvl_top/test/ral_virtual_sequences/i3c_ral_virtual_seq_pkg.sv'.
Parsing included file '../../src/hvl_top/test/ral_virtual_sequences/i3c_sdr_write_read_write_read_virtual_seq.sv'.
Back to file '../../src/hvl_top/test/ral_virtual_sequences/i3c_ral_virtual_seq_pkg.sv'.
Parsing included file '../../src/hvl_top/test/ral_virtual_sequences/i3c_invalid_addr_write_virtual_seq.sv'.
Back to file '../../src/hvl_top/test/ral_virtual_sequences/i3c_ral_virtual_seq_pkg.sv'.
Parsing included file '../../src/hvl_top/test/ral_virtual_sequences/i3c_fifo_full_write_virtual_seq.sv'.
Back to file '../../src/hvl_top/test/ral_virtual_sequences/i3c_ral_virtual_seq_pkg.sv'.
Parsing included file '../../src/hvl_top/test/ral_virtual_sequences/i3c_ccc_coverage_virtual_seq.sv'.
Back to file '../../src/hvl_top/test/ral_virtual_sequences/i3c_ral_virtual_seq_pkg.sv'.
Parsing included file '../../src/hvl_top/test/ral_virtual_sequences/i3c_rdatab_ro_seq.sv'.
Back to file '../../src/hvl_top/test/ral_virtual_sequences/i3c_ral_virtual_seq_pkg.sv'.
Parsing included file '../../src/hvl_top/test/ral_virtual_sequences/i3c_verify_pos_ack_seq.sv'.
Back to file '../../src/hvl_top/test/ral_virtual_sequences/i3c_ral_virtual_seq_pkg.sv'.
Parsing included file '../../src/hvl_top/test/ral_virtual_sequences/i3c_verify_neg_ack_seq.sv'.
Back to file '../../src/hvl_top/test/ral_virtual_sequences/i3c_ral_virtual_seq_pkg.sv'.
Parsing included file '../../src/hvl_top/test/ral_virtual_sequences/i3c_verify_repeated_start_seq.sv'.
Back to file '../../src/hvl_top/test/ral_virtual_sequences/i3c_ral_virtual_seq_pkg.sv'.
Parsing included file '../../src/hvl_top/test/ral_virtual_sequences/i3c_start_stop_combination_seq.sv'.
Back to file '../../src/hvl_top/test/ral_virtual_sequences/i3c_ral_virtual_seq_pkg.sv'.
Parsing included file '../../src/hvl_top/test/ral_virtual_sequences/i3c_randomDataTransferWidth_vseq.sv'.
Back to file '../../src/hvl_top/test/ral_virtual_sequences/i3c_ral_virtual_seq_pkg.sv'.
Parsing included file '../../src/hvl_top/test/ral_virtual_sequences/i3c_random_rw_virtual_seq.sv'.
Back to file '../../src/hvl_top/test/ral_virtual_sequences/i3c_ral_virtual_seq_pkg.sv'.
Parsing included file '../../src/hvl_top/test/ral_virtual_sequences/i3c_multi_wdatab_seq.sv'.
Back to file '../../src/hvl_top/test/ral_virtual_sequences/i3c_ral_virtual_seq_pkg.sv'.
Parsing included file '../../src/hvl_top/test/ral_virtual_sequences/i3c_daa_sdr_virtual_seq.sv'.
Back to file '../../src/hvl_top/test/ral_virtual_sequences/i3c_ral_virtual_seq_pkg.sv'.
Parsing included file '../../src/hvl_top/test/ral_virtual_sequences/i3c_read_write_read_seq.sv'.
Back to file '../../src/hvl_top/test/ral_virtual_sequences/i3c_ral_virtual_seq_pkg.sv'.
Parsing included file '../../src/hvl_top/test/ral_virtual_sequences/i3c_multi_write_read_back_req.sv'.
Back to file '../../src/hvl_top/test/ral_virtual_sequences/i3c_ral_virtual_seq_pkg.sv'.
Parsing included file '../../src/hvl_top/test/ral_virtual_sequences/i3c_sdr_write_nack_virtual_seq.sv'.
Back to file '../../src/hvl_top/test/ral_virtual_sequences/i3c_ral_virtual_seq_pkg.sv'.
Parsing included file '../../src/hvl_top/test/ral_virtual_sequences/i3c_sdr_write_read_multi_transfer_len_virtual_seq.sv'.
Back to file '../../src/hvl_top/test/ral_virtual_sequences/i3c_ral_virtual_seq_pkg.sv'.
Parsing included file '../../src/hvl_top/test/ral_virtual_sequences/i3c_daa_diff_ccc_virtual_seq.sv'.
Back to file '../../src/hvl_top/test/ral_virtual_sequences/i3c_ral_virtual_seq_pkg.sv'.
Parsing included file '../../src/hvl_top/test/ral_virtual_sequences/i3c_sdr_write_virtual_seq_len_0.sv'.
Back to file '../../src/hvl_top/test/ral_virtual_sequences/i3c_ral_virtual_seq_pkg.sv'.
Parsing included file '../../src/hvl_top/test/ral_virtual_sequences/i3c_sdr_write_virtual_seq_len_128.sv'.
Back to file '../../src/hvl_top/test/ral_virtual_sequences/i3c_ral_virtual_seq_pkg.sv'.
Parsing included file '../../src/hvl_top/test/ral_virtual_sequences/i3c_sdr_write_virtual_seq_len_16.sv'.
Back to file '../../src/hvl_top/test/ral_virtual_sequences/i3c_ral_virtual_seq_pkg.sv'.
Parsing included file '../../src/hvl_top/test/ral_virtual_sequences/i3c_sdr_write_virtual_seq_len_16_wdata_0000.sv'.
Back to file '../../src/hvl_top/test/ral_virtual_sequences/i3c_ral_virtual_seq_pkg.sv'.
Parsing included file '../../src/hvl_top/test/ral_virtual_sequences/i3c_sdr_write_virtual_seq_len_16_wdata_5555.sv'.
Back to file '../../src/hvl_top/test/ral_virtual_sequences/i3c_ral_virtual_seq_pkg.sv'.
Parsing included file '../../src/hvl_top/test/ral_virtual_sequences/i3c_sdr_write_virtual_seq_len_16_wdata_AAAA.sv'.
Back to file '../../src/hvl_top/test/ral_virtual_sequences/i3c_ral_virtual_seq_pkg.sv'.
Parsing included file '../../src/hvl_top/test/ral_virtual_sequences/i3c_sdr_write_virtual_seq_len_16_wdata_FFFF.sv'.
Back to file '../../src/hvl_top/test/ral_virtual_sequences/i3c_ral_virtual_seq_pkg.sv'.
Parsing included file '../../src/hvl_top/test/ral_virtual_sequences/i3c_sdr_write_virtual_seq_len_17.sv'.
Back to file '../../src/hvl_top/test/ral_virtual_sequences/i3c_ral_virtual_seq_pkg.sv'.
Parsing included file '../../src/hvl_top/test/ral_virtual_sequences/i3c_sdr_write_virtual_seq_len_1.sv'.
Back to file '../../src/hvl_top/test/ral_virtual_sequences/i3c_ral_virtual_seq_pkg.sv'.
Parsing included file '../../src/hvl_top/test/ral_virtual_sequences/i3c_sdr_write_virtual_seq_len_1_wdata_0.sv'.
Back to file '../../src/hvl_top/test/ral_virtual_sequences/i3c_ral_virtual_seq_pkg.sv'.
Parsing included file '../../src/hvl_top/test/ral_virtual_sequences/i3c_sdr_write_virtual_seq_len_1_wdata_55.sv'.
Back to file '../../src/hvl_top/test/ral_virtual_sequences/i3c_ral_virtual_seq_pkg.sv'.
Parsing included file '../../src/hvl_top/test/ral_virtual_sequences/i3c_sdr_write_virtual_seq_len_1_wdata_AA.sv'.
Back to file '../../src/hvl_top/test/ral_virtual_sequences/i3c_ral_virtual_seq_pkg.sv'.
Parsing included file '../../src/hvl_top/test/ral_virtual_sequences/i3c_sdr_write_virtual_seq_len_1_wdata_FF.sv'.
Back to file '../../src/hvl_top/test/ral_virtual_sequences/i3c_ral_virtual_seq_pkg.sv'.
Parsing included file '../../src/hvl_top/test/ral_virtual_sequences/i3c_sdr_write_virtual_seq_wdata_00.sv'.
Back to file '../../src/hvl_top/test/ral_virtual_sequences/i3c_ral_virtual_seq_pkg.sv'.
Parsing included file '../../src/hvl_top/test/ral_virtual_sequences/i3c_sdr_write_virtual_seq_wdata_55.sv'.
Back to file '../../src/hvl_top/test/ral_virtual_sequences/i3c_ral_virtual_seq_pkg.sv'.
Parsing included file '../../src/hvl_top/test/ral_virtual_sequences/i3c_sdr_write_virtual_seq_wdata_AA.sv'.
Back to file '../../src/hvl_top/test/ral_virtual_sequences/i3c_ral_virtual_seq_pkg.sv'.
Parsing included file '../../src/hvl_top/test/ral_virtual_sequences/i3c_sdr_write_virtual_seq_wdata_FF.sv'.
Back to file '../../src/hvl_top/test/ral_virtual_sequences/i3c_ral_virtual_seq_pkg.sv'.
Parsing included file '../../src/hvl_top/test/ral_virtual_sequences/i3c_sdr_write_read_transfer_len_16_virtual_seq.sv'.
Back to file '../../src/hvl_top/test/ral_virtual_sequences/i3c_ral_virtual_seq_pkg.sv'.
Parsing included file '../../src/hvl_top/test/ral_virtual_sequences/i3c_sdr_write_read_transfer_len_16_wdata_0_virtual_seq.sv'.
Back to file '../../src/hvl_top/test/ral_virtual_sequences/i3c_ral_virtual_seq_pkg.sv'.
Parsing included file '../../src/hvl_top/test/ral_virtual_sequences/i3c_sdr_write_read_transfer_len_16_wdata_5555_virtual_seq.sv'.
Back to file '../../src/hvl_top/test/ral_virtual_sequences/i3c_ral_virtual_seq_pkg.sv'.
Parsing included file '../../src/hvl_top/test/ral_virtual_sequences/i3c_sdr_write_read_transfer_len_16_wdata_AAAA_virtual_seq.sv'.
Back to file '../../src/hvl_top/test/ral_virtual_sequences/i3c_ral_virtual_seq_pkg.sv'.
Parsing included file '../../src/hvl_top/test/ral_virtual_sequences/i3c_sdr_write_read_transfer_len_16_wdata_FFFF_virtual_seq.sv'.
Back to file '../../src/hvl_top/test/ral_virtual_sequences/i3c_ral_virtual_seq_pkg.sv'.
Parsing included file '../../src/hvl_top/test/ral_virtual_sequences/i3c_sdr_write_read_transfer_len_1_virtual_seq.sv'.
Back to file '../../src/hvl_top/test/ral_virtual_sequences/i3c_ral_virtual_seq_pkg.sv'.
Parsing included file '../../src/hvl_top/test/ral_virtual_sequences/i3c_sdr_write_read_transfer_len_1_wdata_0_virtual_seq.sv'.
Back to file '../../src/hvl_top/test/ral_virtual_sequences/i3c_ral_virtual_seq_pkg.sv'.
Parsing included file '../../src/hvl_top/test/ral_virtual_sequences/i3c_sdr_write_read_transfer_len_1_wdata_55_virtual_seq.sv'.
Back to file '../../src/hvl_top/test/ral_virtual_sequences/i3c_ral_virtual_seq_pkg.sv'.
Parsing included file '../../src/hvl_top/test/ral_virtual_sequences/i3c_sdr_write_read_transfer_len_1_wdata_AA_virtual_seq.sv'.
Back to file '../../src/hvl_top/test/ral_virtual_sequences/i3c_ral_virtual_seq_pkg.sv'.
Parsing included file '../../src/hvl_top/test/ral_virtual_sequences/i3c_sdr_write_read_transfer_len_1_wdata_FF_virtual_seq.sv'.
Back to file '../../src/hvl_top/test/ral_virtual_sequences/i3c_ral_virtual_seq_pkg.sv'.
Parsing included file '../../src/hvl_top/test/ral_virtual_sequences/i3c_sdr_write_read_transfer_len_3_virtual_seq.sv'.
Back to file '../../src/hvl_top/test/ral_virtual_sequences/i3c_ral_virtual_seq_pkg.sv'.
Parsing included file '../../src/hvl_top/test/ral_virtual_sequences/i3c_sdr_write_read_transfer_len_4_virtual_seq.sv'.
Back to file '../../src/hvl_top/test/ral_virtual_sequences/i3c_ral_virtual_seq_pkg.sv'.
Parsing included file '../../src/hvl_top/test/ral_virtual_sequences/i3c_sdr_write_read_transfer_len_8_virtual_seq.sv'.
Back to file '../../src/hvl_top/test/ral_virtual_sequences/i3c_ral_virtual_seq_pkg.sv'.
Parsing included file '../../src/hvl_top/test/ral_virtual_sequences/i3c_daa_virtual_seq.sv'.
Back to file '../../src/hvl_top/test/ral_virtual_sequences/i3c_ral_virtual_seq_pkg.sv'.
Parsing included file '../../src/hvl_top/test/ral_virtual_sequences/i3c_sdr_or_daa_virtual_seq.sv'.
Back to file '../../src/hvl_top/test/ral_virtual_sequences/i3c_ral_virtual_seq_pkg.sv'.
Parsing included file '../../src/hvl_top/test/ral_virtual_sequences/i3c_hot_join_virtual_seq.sv'.
Back to file '../../src/hvl_top/test/ral_virtual_sequences/i3c_ral_virtual_seq_pkg.sv'.
Parsing included file '../../src/hvl_top/test/ral_virtual_sequences/i3c_ibi_virtual_seq.sv'.
Back to file '../../src/hvl_top/test/ral_virtual_sequences/i3c_ral_virtual_seq_pkg.sv'.
Parsing included file '../../src/hvl_top/test/ral_virtual_sequences/i3c_hot_join_invalid_addr_virtual_seq.sv'.
Back to file '../../src/hvl_top/test/ral_virtual_sequences/i3c_ral_virtual_seq_pkg.sv'.
Parsing included file '../../src/hvl_top/test/ral_virtual_sequences/i3c_hdr_write_read_virtual_seq.sv'.
Back to file '../../src/hvl_top/test/ral_virtual_sequences/i3c_ral_virtual_seq_pkg.sv'.
Parsing included file '../../src/hvl_top/test/ral_virtual_sequences/i3c_hdr_write_read_virtual_seq_len2.sv'.
Back to file '../../src/hvl_top/test/ral_virtual_sequences/i3c_ral_virtual_seq_pkg.sv'.
Parsing included file '../../src/hvl_top/test/ral_virtual_sequences/i3c_hdr_write_read_virtual_seq_len3.sv'.
Back to file '../../src/hvl_top/test/ral_virtual_sequences/i3c_ral_virtual_seq_pkg.sv'.
Parsing included file '../../src/hvl_top/test/ral_virtual_sequences/i3c_hdr_write_read_virtual_seq_len4.sv'.
Back to file '../../src/hvl_top/test/ral_virtual_sequences/i3c_ral_virtual_seq_pkg.sv'.
Parsing included file '../../src/hvl_top/test/ral_virtual_sequences/i3c_hdr_write_read_virtual_seq_randomized.sv'.
Back to file '../../src/hvl_top/test/ral_virtual_sequences/i3c_ral_virtual_seq_pkg.sv'.
Parsing design file '../../src/hvl_top/test/i3c_test_pkg.sv'
Parsing included file '/fetools/synopsys/installed_tools/vcs/vcs/Q-2020.03-SP2-8/etc/uvm-1.1/uvm_macros.svh'.
Back to file '../../src/hvl_top/test/i3c_test_pkg.sv'.
Parsing included file '../../src/hvl_top/test/i3c_base_test.sv'.
Back to file '../../src/hvl_top/test/i3c_test_pkg.sv'.
Parsing included file '../../src/hvl_top/test/i3c_write_8b_test.sv'.
Back to file '../../src/hvl_top/test/i3c_test_pkg.sv'.
Parsing included file '../../src/hvl_top/test/i3c_multi_write_test.sv'.
Back to file '../../src/hvl_top/test/i3c_test_pkg.sv'.
Parsing included file '../../src/hvl_top/test/i3c_read_8b_test.sv'.
Back to file '../../src/hvl_top/test/i3c_test_pkg.sv'.
Parsing included file '../../src/hvl_top/test/i3c_write_read_8b_test.sv'.
Back to file '../../src/hvl_top/test/i3c_test_pkg.sv'.
Parsing included file '../../src/hvl_top/test/i3c_write_read_write_read_8b_test.sv'.
Back to file '../../src/hvl_top/test/i3c_test_pkg.sv'.
Parsing included file '../../src/hvl_top/test/i3c_invalid_addr_write_test.sv'.
Back to file '../../src/hvl_top/test/i3c_test_pkg.sv'.
Parsing included file '../../src/hvl_top/test/i3c_fifo_full_write_test.sv'.
Back to file '../../src/hvl_top/test/i3c_test_pkg.sv'.
Parsing included file '../../src/hvl_top/test/i3c_ccc_coverage_test.sv'.
Back to file '../../src/hvl_top/test/i3c_test_pkg.sv'.
Parsing included file '../../src/hvl_top/test/i3c_daa_write_nack_8b_test.sv'.
Back to file '../../src/hvl_top/test/i3c_test_pkg.sv'.
Parsing included file '../../src/hvl_top/test/i3c_write_read_multi_transfer_len_test.sv'.
Back to file '../../src/hvl_top/test/i3c_test_pkg.sv'.
Parsing included file '../../src/hvl_top/test/i3c_daa_diff_ccc_test.sv'.
Back to file '../../src/hvl_top/test/i3c_test_pkg.sv'.
Parsing included file '../../src/hvl_top/test/i3c_daa_write_8b_test_len_0.sv'.
Back to file '../../src/hvl_top/test/i3c_test_pkg.sv'.
Parsing included file '../../src/hvl_top/test/i3c_daa_write_8b_test_len_128.sv'.
Back to file '../../src/hvl_top/test/i3c_test_pkg.sv'.
Parsing included file '../../src/hvl_top/test/i3c_daa_write_8b_test_len_16.sv'.
Back to file '../../src/hvl_top/test/i3c_test_pkg.sv'.
Parsing included file '../../src/hvl_top/test/i3c_daa_write_8b_test_len_16_wdata_0000.sv'.
Back to file '../../src/hvl_top/test/i3c_test_pkg.sv'.
Parsing included file '../../src/hvl_top/test/i3c_daa_write_8b_test_len_16_wdata_5555.sv'.
Back to file '../../src/hvl_top/test/i3c_test_pkg.sv'.
Parsing included file '../../src/hvl_top/test/i3c_daa_write_8b_test_len_16_wdata_AAAA.sv'.
Back to file '../../src/hvl_top/test/i3c_test_pkg.sv'.
Parsing included file '../../src/hvl_top/test/i3c_daa_write_8b_test_len_16_wdata_FFFF.sv'.
Back to file '../../src/hvl_top/test/i3c_test_pkg.sv'.
Parsing included file '../../src/hvl_top/test/i3c_daa_write_8b_test_len_17.sv'.
Back to file '../../src/hvl_top/test/i3c_test_pkg.sv'.
Parsing included file '../../src/hvl_top/test/i3c_daa_write_8b_test_len_1.sv'.
Back to file '../../src/hvl_top/test/i3c_test_pkg.sv'.
Parsing included file '../../src/hvl_top/test/i3c_daa_write_8b_test_len_1_wdata_0.sv'.
Back to file '../../src/hvl_top/test/i3c_test_pkg.sv'.
Parsing included file '../../src/hvl_top/test/i3c_daa_write_8b_test_len_1_wdata_55.sv'.
Back to file '../../src/hvl_top/test/i3c_test_pkg.sv'.
Parsing included file '../../src/hvl_top/test/i3c_daa_write_8b_test_len_1_wdata_AA.sv'.
Back to file '../../src/hvl_top/test/i3c_test_pkg.sv'.
Parsing included file '../../src/hvl_top/test/i3c_daa_write_8b_test_len_1_wdata_FF.sv'.
Back to file '../../src/hvl_top/test/i3c_test_pkg.sv'.
Parsing included file '../../src/hvl_top/test/i3c_daa_write_8b_test_wdata_00.sv'.
Back to file '../../src/hvl_top/test/i3c_test_pkg.sv'.
Parsing included file '../../src/hvl_top/test/i3c_daa_write_8b_test_wdata_55.sv'.
Back to file '../../src/hvl_top/test/i3c_test_pkg.sv'.
Parsing included file '../../src/hvl_top/test/i3c_daa_write_8b_test_wdata_AA.sv'.
Back to file '../../src/hvl_top/test/i3c_test_pkg.sv'.
Parsing included file '../../src/hvl_top/test/i3c_daa_write_8b_test_wdata_FF.sv'.
Back to file '../../src/hvl_top/test/i3c_test_pkg.sv'.
Parsing included file '../../src/hvl_top/test/i3c_write_read_transfer_len_16_test.sv'.
Back to file '../../src/hvl_top/test/i3c_test_pkg.sv'.
Parsing included file '../../src/hvl_top/test/i3c_write_read_transfer_len_16_wdata_0_test.sv'.
Back to file '../../src/hvl_top/test/i3c_test_pkg.sv'.
Parsing included file '../../src/hvl_top/test/i3c_write_read_transfer_len_16_wdata_5555_test.sv'.
Back to file '../../src/hvl_top/test/i3c_test_pkg.sv'.
Parsing included file '../../src/hvl_top/test/i3c_write_read_transfer_len_16_wdata_AAAA_test.sv'.
Back to file '../../src/hvl_top/test/i3c_test_pkg.sv'.
Parsing included file '../../src/hvl_top/test/i3c_write_read_transfer_len_16_wdata_FFFF_test.sv'.
Back to file '../../src/hvl_top/test/i3c_test_pkg.sv'.
Parsing included file '../../src/hvl_top/test/i3c_write_read_transfer_len_1_test.sv'.
Back to file '../../src/hvl_top/test/i3c_test_pkg.sv'.
Parsing included file '../../src/hvl_top/test/i3c_write_read_transfer_len_1_wdata_0_test.sv'.
Back to file '../../src/hvl_top/test/i3c_test_pkg.sv'.
Parsing included file '../../src/hvl_top/test/i3c_write_read_transfer_len_1_wdata_55_test.sv'.
Back to file '../../src/hvl_top/test/i3c_test_pkg.sv'.
Parsing included file '../../src/hvl_top/test/i3c_write_read_transfer_len_1_wdata_AA_test.sv'.
Back to file '../../src/hvl_top/test/i3c_test_pkg.sv'.
Parsing included file '../../src/hvl_top/test/i3c_write_read_transfer_len_1_wdata_FF_test.sv'.
Back to file '../../src/hvl_top/test/i3c_test_pkg.sv'.
Parsing included file '../../src/hvl_top/test/i3c_write_read_transfer_len_3_test.sv'.
Back to file '../../src/hvl_top/test/i3c_test_pkg.sv'.
Parsing included file '../../src/hvl_top/test/i3c_write_read_transfer_len_4_test.sv'.
Back to file '../../src/hvl_top/test/i3c_test_pkg.sv'.
Parsing included file '../../src/hvl_top/test/i3c_write_read_transfer_len_8_test.sv'.
Back to file '../../src/hvl_top/test/i3c_test_pkg.sv'.
Parsing included file '../../src/hvl_top/test/i3c_daa_write_8b_test.sv'.
Back to file '../../src/hvl_top/test/i3c_test_pkg.sv'.
Parsing included file '../../src/hvl_top/test/i3c_daa_read_8b_test.sv'.
Back to file '../../src/hvl_top/test/i3c_test_pkg.sv'.
Parsing included file '../../src/hvl_top/test/i3c_daa_write_read_write_read_8b_test.sv'.
Back to file '../../src/hvl_top/test/i3c_test_pkg.sv'.
Parsing included file '../../src/hvl_top/test/i3c_sdr_or_daa_write_8b_test.sv'.
Back to file '../../src/hvl_top/test/i3c_test_pkg.sv'.
Parsing included file '../../src/hvl_top/test/i3c_hot_join_test.sv'.
Back to file '../../src/hvl_top/test/i3c_test_pkg.sv'.
Parsing included file '../../src/hvl_top/test/i3c_hot_join_invalid_reserved_addr.sv'.
Back to file '../../src/hvl_top/test/i3c_test_pkg.sv'.
Parsing included file '../../src/hvl_top/test/i3c_ibi_test.sv'.
Back to file '../../src/hvl_top/test/i3c_test_pkg.sv'.
Parsing included file '../../src/hvl_top/test/i3c_hdr_write_read_test.sv'.
Back to file '../../src/hvl_top/test/i3c_test_pkg.sv'.
Parsing included file '../../src/hvl_top/test/i3c_hdr_write_read_test_len2.sv'.
Back to file '../../src/hvl_top/test/i3c_test_pkg.sv'.
Parsing included file '../../src/hvl_top/test/i3c_hdr_write_read_test_len4.sv'.
Back to file '../../src/hvl_top/test/i3c_test_pkg.sv'.
Parsing included file '../../src/hvl_top/test/i3c_hdr_write_read_test_randomized.sv'.
Back to file '../../src/hvl_top/test/i3c_test_pkg.sv'.
Parsing design file '../../src/hdl_top/i3c_interface/i3c_if.sv'
Parsing design file '../../src/hdl_top/apb_if/apb_if.sv'
Parsing design file '../../src/hdl_top/i3c_wrapper.sv'
Parsing included file '../../src/hdl_top/apb_if/apb_if.sv'.
Back to file '../../src/hdl_top/i3c_wrapper.sv'.
Parsing design file '../../src/hdl_top/target_agent_bfm/i3c_target_driver_bfm.sv'
Parsing included file '/fetools/synopsys/installed_tools/vcs/vcs/Q-2020.03-SP2-8/etc/uvm-1.1/uvm_macros.svh'.
Back to file '../../src/hdl_top/target_agent_bfm/i3c_target_driver_bfm.sv'.
Parsing design file '../../src/hdl_top/target_agent_bfm/i3c_target_monitor_bfm.sv'
Parsing included file '/fetools/synopsys/installed_tools/vcs/vcs/Q-2020.03-SP2-8/etc/uvm-1.1/uvm_macros.svh'.
Back to file '../../src/hdl_top/target_agent_bfm/i3c_target_monitor_bfm.sv'.
Parsing design file '../../src/hdl_top/target_agent_bfm/i3c_target_agent_bfm.sv'
Parsing included file '/fetools/synopsys/installed_tools/vcs/vcs/Q-2020.03-SP2-8/etc/uvm-1.1/uvm_macros.svh'.
Back to file '../../src/hdl_top/target_agent_bfm/i3c_target_agent_bfm.sv'.
Parsing design file '../../src/hdl_top/apb_master_agent_bfm/apb_master_driver_bfm.sv'
Parsing included file '/fetools/synopsys/installed_tools/vcs/vcs/Q-2020.03-SP2-8/etc/uvm-1.1/uvm_macros.svh'.
Back to file '../../src/hdl_top/apb_master_agent_bfm/apb_master_driver_bfm.sv'.
Parsing design file '../../src/hdl_top/apb_master_agent_bfm/apb_master_monitor_bfm.sv'
Parsing included file '/fetools/synopsys/installed_tools/vcs/vcs/Q-2020.03-SP2-8/etc/uvm-1.1/uvm_macros.svh'.
Back to file '../../src/hdl_top/apb_master_agent_bfm/apb_master_monitor_bfm.sv'.
Parsing design file '../../src/hdl_top/apb_master_agent_bfm/apb_master_agent_bfm.sv'
Parsing included file '/fetools/synopsys/installed_tools/vcs/vcs/Q-2020.03-SP2-8/etc/uvm-1.1/uvm_macros.svh'.
Back to file '../../src/hdl_top/apb_master_agent_bfm/apb_master_agent_bfm.sv'.
Parsing design file '../../src/hdl_top/hdl_top.sv'

Note-[SV-LCM-PPWI] Package previously wildcard imported
../../src/hdl_top/hdl_top.sv, 6
$unit
  Package 'apb_global_pkg' already wildcard imported. 
  Ignoring apb_global_pkg::*
  See the SystemVerilog LRM(1800-2005), section 19.2.1.

Parsing design file '../../src/hvl_top/hvl_top.sv'
Parsing design file '../../rtl_dev/src/I3C_TOP.v'
Parsing included file '../../rtl_dev/src/param.v'.

Warning-[TMR] Text macro redefined
../../rtl_dev/src/param.v, 23
  Text macro (CCC_ENTDAA) is redefined. The last definition will override 
  previous ones.
  Location of previous definition: 
  ../../src/hvl_top/test/ral_virtual_sequences/i3c_ral_virtual_seq_pkg.sv, 16.
  Previous value: 8'h07

Back to file '../../rtl_dev/src/I3C_TOP.v'.
Parsing design file '../../rtl_dev/src/i3c_bit_engine.v'
Parsing design file '../../rtl_dev/src/i3c_cmd_ctrl.v'
Parsing included file '../../rtl_dev/src/param.v'.
Back to file '../../rtl_dev/src/i3c_cmd_ctrl.v'.
Parsing design file '../../rtl_dev/src/i3c_daa_fsm.v'
Parsing design file '../../rtl_dev/src/i3c_device_table.v'
Parsing design file '../../rtl_dev/src/i3c_reg_interface.v'
Parsing included file '../../rtl_dev/src/param.v'.
Back to file '../../rtl_dev/src/i3c_reg_interface.v'.
Parsing design file '../../rtl_dev/src/i3c_Rx_FIFO.v'
Parsing design file '../../rtl_dev/src/i3c_scl_gen.v'
Parsing design file '../../rtl_dev/src/i3c_sdr_fsm.v'
Parsing design file '../../rtl_dev/src/i3c_Tx_FIFO.v'
Parsing design file '../../rtl_dev/src/i3c_ibi_detector.v'
Parsing design file '../../rtl_dev/src/i3c_ibi_fsm.v'
Parsing design file '../../rtl_dev/src/i3c_ibi_regs.v'
Parsing design file '../../rtl_dev/src/i3c_hdr_fsm.v'
Parsing design file '../../rtl_dev/src/i3c_hdr_ddr_engine.v'
Top Level Modules:
       uvm_custom_install_recording
       uvm_custom_install_verdi_recording
       hdl_top
       hvl_top
TimeScale is 1 ns / 1 ps

Warning-[TFIPC] Too few instance port connections
../../src/hdl_top/hdl_top.sv, 75
hdl_top, "I3C_TOP dut( .clk (clk),  .rst_n (rst),  .wr_en (wr_en),  .rd_en (rd_en),  .addrs (addrs),  .w_reg_data (w_reg_data),  .w_data (w_data),  .rd_data (rd_data),  .r_data (r_data),  .scl_i (I3C_SCL),  .sda_i (I3C_SDA),  .sda_o (sda_o),  .sda_oe (sda_oe));"
  The above instance has fewer port connections than the module definition.
  Please use '+lint=TFIPC-L' to print out detailed information of unconnected 
  ports.


Warning-[ENUMASSIGN] Illegal assignment to enum variable
../../src/hdl_top/target_agent_bfm/i3c_target_driver_bfm.sv, 97
i3c_target_driver_bfm, "i3c_target_driver_bfm.sample_operation(dataPacketStruck.operation);"
  Only expressions of the enum type can be assigned to an enum variable. 
  The type bit is incompatible with the enum 'operationType_e'
  Expression: dataPacketStruck.operation
  Use the static cast operator to convert the expression to enum type.


Warning-[ENUMASSIGN] Illegal assignment to enum variable
../../src/hdl_top/target_agent_bfm/i3c_target_driver_bfm.sv, 2030
i3c_target_driver_bfm, "sample_operation(dataPacketStruck.operation);"
  Only expressions of the enum type can be assigned to an enum variable. 
  The type bit is incompatible with the enum 'operationType_e'
  Expression: dataPacketStruck.operation
  Use the static cast operator to convert the expression to enum type.


Warning-[ENUMASSIGN] Illegal assignment to enum variable
../../src/hdl_top/target_agent_bfm/i3c_target_driver_bfm.sv, 2079
i3c_target_driver_bfm, "sample_operation(dataPacketStruck.operation);"
  Only expressions of the enum type can be assigned to an enum variable. 
  The type bit is incompatible with the enum 'operationType_e'
  Expression: dataPacketStruck.operation
  Use the static cast operator to convert the expression to enum type.


Warning-[ENUMASSIGN] Illegal assignment to enum variable
../../src/hdl_top/target_agent_bfm/i3c_target_monitor_bfm.sv, 73
i3c_target_monitor_bfm, "i3c_target_monitor_bfm.sample_operation(pkt.operation);"
  Only expressions of the enum type can be assigned to an enum variable. 
  The type bit is incompatible with the enum 'operationType_e'
  Expression: pkt.operation
  Use the static cast operator to convert the expression to enum type.


Warning-[ENUMASSIGN] Illegal assignment to enum variable
../../src/hdl_top/target_agent_bfm/i3c_target_monitor_bfm.sv, 1559
i3c_target_monitor_bfm, "sample_operation(pkt.operation);"
  Only expressions of the enum type can be assigned to an enum variable. 
  The type bit is incompatible with the enum 'operationType_e'
  Expression: pkt.operation
  Use the static cast operator to convert the expression to enum type.


Warning-[ENUMASSIGN] Illegal assignment to enum variable
../../src/hdl_top/target_agent_bfm/i3c_target_monitor_bfm.sv, 1594
i3c_target_monitor_bfm, "sample_operation(pkt.operation);"
  Only expressions of the enum type can be assigned to an enum variable. 
  The type bit is incompatible with the enum 'operationType_e'
  Expression: pkt.operation
  Use the static cast operator to convert the expression to enum type.


Warning-[PCWM-W] Port connection width mismatch
../../rtl_dev/src/I3C_TOP.v, 530
"i3c_hdr_fsm x13( .clk (clk),  .rst_n (rst_n),  .start_hdr (start_hdr),  .hdr_len (sdr_len),  .hdr_dir (sdr_dir1),  .tx_data (tx_rdata),  .tx_valid (tx_valid),  .tx_ready (tx_ready2),  .rx_data (rx_wdata2),  .rx_valid (rx_valid2),  .rx_ready (rx_ready),  .hdr_valid (hdr_valid),  .hdr_rw (hdr_rw),  .hdr_tx_data (hdr_tx_data),  .hdr_rx_data (hdr_rx_data),  .hdr_done (hdr_done1),  .hdr_busy (hdr_busy1),  .hdr_start (hdr_start_sig),  .hdr_stop (hdr_stop_sig),  .busy (hdr_busy),  .done (hdr_done));"
  The following 1-bit expression is connected to 8-bit port "rx_data" of 
  module "i3c_hdr_fsm", instance "x13".
  Expression: rx_wdata2
  Instantiated module defined at: "../../rtl_dev/src/i3c_hdr_fsm.v", 1
  Use +lint=PCWM for more details.

Notice: Ports coerced to inout, use -notice for details
Starting vcs inline pass...

32 modules and 0 UDP read.
recompiling module uvm_custom_install_verdi_recording
	However, due to incremental compilation, only 1 module needs to be compiled. 
../simv up to date
CPU time: 23.073 seconds to compile + .580 seconds to elab + 1.252 seconds to link
