#######################################################################################
# log primitive debug message of FSDB dumping                                         #
# This is for R&D to analyze when there are issues happening when FSDB dump           #
#######################################################################################
ANF: vcsd_get_serial_mode_status('./simv: undefined symbol: vcsd_get_serial_mode_status')
ANF: vcsd_enable_sva_success_callback('./simv: undefined symbol: vcsd_enable_sva_success_callback')
ANF: vcsd_disable_sva_success_callback('./simv: undefined symbol: vcsd_disable_sva_success_callback')
ANF: vcsd_get_power_scope_name('./simv: undefined symbol: vcsd_get_power_scope_name')
ANF: vcsd_begin_no_value_var_info('./simv: undefined symbol: vcsd_begin_no_value_var_info')
ANF: vcsd_end_no_value_var_info('./simv: undefined symbol: vcsd_end_no_value_var_info')
ANF: vcsd_remove_xprop_merge_mode_callback('./simv: undefined symbol: vcsd_remove_xprop_merge_mode_callback')
ANF: vhpi_get_cb_info('./simv: undefined symbol: vhpi_get_cb_info')
ANF: vhpi_free_handle('./simv: undefined symbol: vhpi_free_handle')
ANF: vhpi_fetch_vcsd_handle('./simv: undefined symbol: vhpi_fetch_vcsd_handle')
ANF: vhpi_fetch_vpi_handle('./simv: undefined symbol: vhpi_fetch_vpi_handle')
ANF: vhpi_has_verilog_parent('./simv: undefined symbol: vhpi_has_verilog_parent')
ANF: vhpi_is_verilog_scope('./simv: undefined symbol: vhpi_is_verilog_scope')
ANF: scsd_xprop_is_enabled('./simv: undefined symbol: scsd_xprop_is_enabled')
ANF: scsd_xprop_sig_is_promoted('./simv: undefined symbol: scsd_xprop_sig_is_promoted')
ANF: scsd_xprop_int_xvalue('./simv: undefined symbol: scsd_xprop_int_xvalue')
ANF: scsd_xprop_bool_xvalue('./simv: undefined symbol: scsd_xprop_bool_xvalue')
ANF: scsd_xprop_enum_xvalue('./simv: undefined symbol: scsd_xprop_enum_xvalue')
ANF: scsd_xprop_register_merge_mode_cb('./simv: undefined symbol: scsd_xprop_register_merge_mode_cb')
ANF: scsd_xprop_delete_merge_mode_cb('./simv: undefined symbol: scsd_xprop_delete_merge_mode_cb')
ANF: scsd_xprop_get_merge_mode('./simv: undefined symbol: scsd_xprop_get_merge_mode')
ANF: scsd_thread_get_info('./simv: undefined symbol: scsd_thread_get_info')
ANF: scsd_thread_vc_init('./simv: undefined symbol: scsd_thread_vc_init')
ANF: scsd_master_set_delta_sync_cbk('./simv: undefined symbol: scsd_master_set_delta_sync_cbk')
ANF: scsd_fgp_get_fsdb_cores('./simv: undefined symbol: scsd_fgp_get_fsdb_cores')
ANF: scsd_fgp_get_is_cpu_affinity_disabled('./simv: undefined symbol: scsd_fgp_get_is_cpu_affinity_disabled')
ANF: vhdi_dt_get_type('./simv: undefined symbol: vhdi_dt_get_type')
ANF: vhdi_dt_get_key('./simv: undefined symbol: vhdi_dt_get_key')
ANF: vhdi_dt_get_vhdl_enum_info('./simv: undefined symbol: vhdi_dt_get_vhdl_enum_info')
ANF: vhdi_dt_get_vhdl_physical_info('./simv: undefined symbol: vhdi_dt_get_vhdl_physical_info')
ANF: vhdi_dt_get_vhdl_array_info('./simv: undefined symbol: vhdi_dt_get_vhdl_array_info')
ANF: vhdi_dt_get_vhdl_record_info('./simv: undefined symbol: vhdi_dt_get_vhdl_record_info')
ANF: vhdi_def_traverse_module('./simv: undefined symbol: vhdi_def_traverse_module')
ANF: vhdi_def_traverse_scope('./simv: undefined symbol: vhdi_def_traverse_scope')
ANF: vhdi_def_traverse_variable('./simv: undefined symbol: vhdi_def_traverse_variable')
ANF: vhdi_def_get_module_id_by_vhpi('./simv: undefined symbol: vhdi_def_get_module_id_by_vhpi')
ANF: vhdi_def_get_handle_by_module_id('./simv: undefined symbol: vhdi_def_get_handle_by_module_id')
ANF: vhdi_def_get_variable_info_by_vhpi('./simv: undefined symbol: vhdi_def_get_variable_info_by_vhpi')
ANF: vhdi_def_free('./simv: undefined symbol: vhdi_def_free')
ANF: vhdi_ist_traverse_scope('./simv: undefined symbol: vhdi_ist_traverse_scope')
ANF: vhdi_ist_traverse_variable('./simv: undefined symbol: vhdi_ist_traverse_variable')
ANF: vhdi_ist_convert_by_vhpi('./simv: undefined symbol: vhdi_ist_convert_by_vhpi')
ANF: vhdi_ist_clone('./simv: undefined symbol: vhdi_ist_clone')
ANF: vhdi_ist_free('./simv: undefined symbol: vhdi_ist_free')
ANF: vhdi_ist_hash_key('./simv: undefined symbol: vhdi_ist_hash_key')
ANF: vhdi_ist_compare('./simv: undefined symbol: vhdi_ist_compare')
ANF: vhdi_ist_get_value_addr('./simv: undefined symbol: vhdi_ist_get_value_addr')
ANF: vhdi_set_scsd_callback('./simv: undefined symbol: vhdi_set_scsd_callback')
ANF: vhdi_cbk_set_force_callback('./simv: undefined symbol: vhdi_cbk_set_force_callback')
ANF: vhdi_trigger_init_force('./simv: undefined symbol: vhdi_trigger_init_force')
ANF: vhdi_ist_check_scsd_callback('./simv: undefined symbol: vhdi_ist_check_scsd_callback')
ANF: vhdi_ist_add_scsd_callback('./simv: undefined symbol: vhdi_ist_add_scsd_callback')
ANF: vhdi_ist_remove_scsd_callback('./simv: undefined symbol: vhdi_ist_remove_scsd_callback')
ANF: vhdi_ist_get_scsd_user_data('./simv: undefined symbol: vhdi_ist_get_scsd_user_data')
ANF: vhdi_add_time_change_callback('./simv: undefined symbol: vhdi_add_time_change_callback')
ANF: vhdi_get_real_value_by_value_addr('./simv: undefined symbol: vhdi_get_real_value_by_value_addr')
ANF: vhdi_get_64_value_by_value_addr('./simv: undefined symbol: vhdi_get_64_value_by_value_addr')
ANF: vhdi_xprop_inst_is_promoted('./simv: undefined symbol: vhdi_xprop_inst_is_promoted')
ANF: vdi_ist_convert_by_vhdi('./simv: undefined symbol: vdi_ist_convert_by_vhdi')
ANF: vhdi_ist_get_module_id('./simv: undefined symbol: vhdi_ist_get_module_id')
ANF: vhdi_refine_foreign_scope_type('./simv: undefined symbol: vhdi_refine_foreign_scope_type')
ANF: vhdi_flush_callback('./simv: undefined symbol: vhdi_flush_callback')
ANF: vhdi_set_orig_name('./simv: undefined symbol: vhdi_set_orig_name')
ANF: vhdi_set_dump_pt('./simv: undefined symbol: vhdi_set_dump_pt')
ANF: vhdi_get_fsdb_option('./simv: undefined symbol: vhdi_get_fsdb_option')
ANF: vhdi_fgp_get_mode('./simv: undefined symbol: vhdi_fgp_get_mode')
ANF: vhdi_node_register_composite_var('./simv: undefined symbol: vhdi_node_register_composite_var')
ANF: vhdi_node_analysis('./simv: undefined symbol: vhdi_node_analysis')
ANF: vhdi_node_id('./simv: undefined symbol: vhdi_node_id')
ANF: vhdi_node_ist_check_scsd_callback('./simv: undefined symbol: vhdi_node_ist_check_scsd_callback')
ANF: vhdi_node_ist_add_scsd_callback('./simv: undefined symbol: vhdi_node_ist_add_scsd_callback')
ANF: vhdi_node_ist_get_value_addr('./simv: undefined symbol: vhdi_node_ist_get_value_addr')
ANF: vhdi_enc_def_traverse_module('./simv: undefined symbol: vhdi_enc_def_traverse_module')
ANF: vhdi_enc_def_traverse_scope('./simv: undefined symbol: vhdi_enc_def_traverse_scope')
ANF: vhdi_enc_def_traverse_variable('./simv: undefined symbol: vhdi_enc_def_traverse_variable')
ANF: vhdi_enc_ist_traverse_scope('./simv: undefined symbol: vhdi_enc_ist_traverse_scope')
ANF: vhdi_enc_ist_traverse_variable('./simv: undefined symbol: vhdi_enc_ist_traverse_variable')
ANF: vhdi_enc_ist_get_module_id('./simv: undefined symbol: vhdi_enc_ist_get_module_id')
ANF: vhdi_enc_def_get_handle_by_module_id('./simv: undefined symbol: vhdi_enc_def_get_handle_by_module_id')
VCS compile option:
 option[0]: ./simv
 option[1]: +UVM_TESTNAME=i3c_hot_join_test
 option[2]: +UVM_VERBOSITY=UVM_NONE
 option[3]: -l
 option[4]: i3c_hot_join_test/i3c_hot_join_test.log
 option[5]: /fetools/synopsys/installed_tools/vcs/vcs/Q-2020.03-SP2-8/linux64/bin/vcs1
 option[6]: -Mcc=gcc
 option[7]: -Mcplusplus=g++
 option[8]: -Masflags=
 option[9]: -Mcfl= -pipe -DVCS -DUVM_DPI_DO_TYPE_CHECK -fPIC -O -I/fetools/synopsys/installed_tools/vcs/vcs/Q-2020.03-SP2-8/include 
 option[10]: -Mxllcflags=
 option[11]: -Mxcflags= -pipe -DVCS -DUVM_DPI_DO_TYPE_CHECK -fPIC -I/fetools/synopsys/installed_tools/vcs/vcs/Q-2020.03-SP2-8/include
 option[12]: -Mldflags= -rdynamic 
 option[13]: -Mout=simv
 option[14]: -Mamsrun=
 option[15]: -Mvcsaceobjs=
 option[16]: -Mobjects= /fetools/synopsys/installed_tools/vcs/vcs/Q-2020.03-SP2-8/linux64/lib/libvirsim.so /fetools/synopsys/installed_tools/vcs/vcs/Q-2020.03-SP2-8/linux64/lib/liberrorinf.so /fetools/synopsys/installed_tools/vcs/vcs/Q-2020.03-SP2-8/linux64/lib/libsnpsmalloc.so /fetools/synopsys/installed_tools/vcs/vcs/Q-2020.03-SP2-8/linux64/lib/libvfs.so 
 option[17]: -Mexternalobj=
 option[18]: -Msaverestoreobj=/fetools/synopsys/installed_tools/vcs/vcs/Q-2020.03-SP2-8/linux64/lib/vcs_save_restore_new.o
 option[19]: -Mcrt0=
 option[20]: -Mcrtn=
 option[21]: -Mcsrc=/fetools/synopsys/installed_tools/vcs/vcs/Q-2020.03-SP2-8/etc/uvm-1.1/dpi/uvm_dpi.cc /fetools/synopsys/installed_tools/vcs/vcs/Q-2020.03-SP2-8/etc/uvm-1.1/verdi/dpi/uvm_verdi_dpi.cpp 
 option[22]: -Msyslibs=/fetools/synopsys/installed_tools/verdi/verdi/Q-2020.03-SP2-8/share/PLI/VCS/LINUX64/pli.a -ldl 
 option[23]: -l
 option[24]: i3c_compile.log
 option[25]: +define+UVM_VERDI_VIF_RECORD
 option[26]: +define+UVM_VCS_RECORD
 option[27]: +incdir+/fetools/synopsys/installed_tools/vcs/vcs/Q-2020.03-SP2-8/etc/uvm-1.1/vcs
 option[28]: /fetools/synopsys/installed_tools/vcs/vcs/Q-2020.03-SP2-8/etc/uvm-1.1/uvm_pkg.sv
 option[29]: /fetools/synopsys/installed_tools/vcs/vcs/Q-2020.03-SP2-8/etc/uvm-1.1/vcs/uvm_custom_install_vcs_recorder.sv
 option[30]: +incdir+/fetools/synopsys/installed_tools/vcs/vcs/Q-2020.03-SP2-8/etc/uvm-1.1/verdi
 option[31]: /fetools/synopsys/installed_tools/vcs/vcs/Q-2020.03-SP2-8/etc/uvm-1.1/verdi/uvm_custom_install_verdi_recorder.sv
 option[32]: -full64
 option[33]: +v2k
 option[34]: -debug_access+all
 option[35]: +vpi
 option[36]: +vcsd1
 option[37]: +itf+/fetools/synopsys/installed_tools/vcs/vcs/Q-2020.03-SP2-8/linux64/lib/vcsdp_lite.tab
 option[38]: -debug_acc+pp+dmptf
 option[39]: -ntb_opts
 option[40]: uvm-1.1
 option[41]: +incdir+/fetools/synopsys/installed_tools/vcs/vcs/Q-2020.03-SP2-8/etc/uvm-1.1/
 option[42]: 
 option[43]: +memcbk
 option[44]: -debug_access
 option[45]: +vcs+fsdbon+all
 option[46]: -override_timescale=1ns/1ps
 option[47]: +plusarg_ignore
 option[48]: -picarchive
 option[49]: -P
 option[50]: /fetools/synopsys/installed_tools/verdi/verdi/Q-2020.03-SP2-8/share/PLI/VCS/LINUX64/verdi.tab
 option[51]: -fsdb
 option[52]: -sverilog
 option[53]: -gen_obj
 option[54]: -f
 option[55]: ../i3c_compile.f
 option[56]: +define+UVM_DIRECTC_OPTS
 option[57]: -load
 option[58]: /fetools/synopsys/installed_tools/verdi/verdi/Q-2020.03-SP2-8/share/PLI/VCS/LINUX64/libnovas.so:FSDBDumpCmd
Chronologic Simulation VCS Release Q-2020.03-SP2-8_Full64
Linux 3.10.0-1160.114.2.el7.x86_64 #1 SMP Wed Mar 20 15:54:52 UTC 2024 x86_64
CPU cores: 256
Limit information:
======================================
cputime		unlimited
filesize		unlimited
datasize		unlimited
stacksize		8209 kbytes
coredumpsize		0 kbytes
memoryuse		unlimited
vmemoryuse		unlimited
descriptors		4096
memorylocked		64 kbytes
maxproc		4096
======================================
(Special)Runtime environment variables:

Runtime environment variables:
SHELL=/bin/bash
_=/bin/csh
HISTCONTROL=ignoredups
SNPSLMD_LICENSE_FILE=27020@ls01.trg.vlsiexpert.in
SNPSLMD_QUEUE=true
XDG_DATA_DIRS=/home/rakshithshetty/.local/share/flatpak/exports/share:/var/lib/flatpak/exports/share:/usr/local/share:/usr/share
MACHTYPE=x86_64
LESSOPEN=||/usr/bin/lesspipe.sh %s
SSH_CONNECTION=106.51.38.11 62164 192.168.1.16 22
PATH=/fetools/synopsys/installed_tools/vc_static/U-2023.03-1/bin:/fetools/synopsys/installed_tools/verdi/verdi/Q-2020.03-SP2-8/bin:/fetools/synopsys/installed_tools/spyglass/S-2021.09-SP1/SPYGLASS_HOME/bin:/fetools/synopsys/installed_tools/syn/S-2021.06-SP4/bin:/fetools/synopsys/installed_tools/vcs/vcs/Q-2020.03-SP2-8/bin:/fetools/synopsys/installed_tools/Formality/fm/S-2021.06-SP2/bin:/fetools/synopsys/installed_tools/primetime/prime/S-2021.06-SP2/bin:/fetools/synopsys/installed_tools/icc2/Q-2019.12-SP1/bin:/home/rakshithshetty/.local/bin:/usr/lib64/qt-3.3/bin:/usr/local/bin:/usr/bin:/usr/local/sbin:/usr/sbin:/home/rakshithshetty/bin/usr/local/bin:/bin:/usr/bin:/usr/local/sbin:/usr/sbin
QT_GRAPHICSSYSTEM_CHECKED=1
SSH_TTY=/dev/pts/385
XDG_RUNTIME_DIR=/run/user/6100
VENDOR=unknown
ICC_HOME=/fetools/synopsys/installed_tools/icc2/Q-2019.12-SP1
test=i3c_hot_join_test
LS_COLORS=rs=0:di=38;5;27:ln=38;5;51:mh=44;38;5;15:pi=40;38;5;11:so=38;5;13:do=38;5;5:bd=48;5;232;38;5;11:cd=48;5;232;38;5;3:or=48;5;232;38;5;9:mi=05;48;5;232;38;5;15:su=48;5;196;38;5;15:sg=48;5;11;38;5;16:ca=48;5;196;38;5;226:tw=48;5;10;38;5;16:ow=48;5;10;38;5;21:st=48;5;21;38;5;15:ex=38;5;34:*.tar=38;5;9:*.tgz=38;5;9:*.arc=38;5;9:*.arj=38;5;9:*.taz=38;5;9:*.lha=38;5;9:*.lz4=38;5;9:*.lzh=38;5;9:*.lzma=38;5;9:*.tlz=38;5;9:*.txz=38;5;9:*.tzo=38;5;9:*.t7z=38;5;9:*.zip=38;5;9:*.z=38;5;9:*.Z=38;5;9:*.dz=38;5;9:*.gz=38;5;9:*.lrz=38;5;9:*.lz=38;5;9:*.lzo=38;5;9:*.xz=38;5;9:*.bz2=38;5;9:*.bz=38;5;9:*.tbz=38;5;9:*.tbz2=38;5;9:*.tz=38;5;9:*.deb=38;5;9:*.rpm=38;5;9:*.jar=38;5;9:*.war=38;5;9:*.ear=38;5;9:*.sar=38;5;9:*.rar=38;5;9:*.alz=38;5;9:*.ace=38;5;9:*.zoo=38;5;9:*.cpio=38;5;9:*.7z=38;5;9:*.rz=38;5;9:*.cab=38;5;9:*.jpg=38;5;13:*.jpeg=38;5;13:*.gif=38;5;13:*.bmp=38;5;13:*.pbm=38;5;13:*.pgm=38;5;13:*.ppm=38;5;13:*.tga=38;5;13:*.xbm=38;5;13:*.xpm=38;5;13:*.tif=38;5;13:*.tiff=38;5;13:*.png=38;5;13:*.svg=38;5;13:*.svgz=38;5;13:*.mng=38;5;13:*.pcx=38;5;13:*.mov=38;5;13:*.mpg=38;5;13:*.mpeg=38;5;13:*.m2v=38;5;13:*.mkv=38;5;13:*.webm=38;5;13:*.ogm=38;5;13:*.mp4=38;5;13:*.m4v=38;5;13:*.mp4v=38;5;13:*.vob=38;5;13:*.qt=38;5;13:*.nuv=38;5;13:*.wmv=38;5;13:*.asf=38;5;13:*.rm=38;5;13:*.rmvb=38;5;13:*.flc=38;5;13:*.avi=38;5;13:*.fli=38;5;13:*.flv=38;5;13:*.gl=38;5;13:*.dl=38;5;13:*.xcf=38;5;13:*.xwd=38;5;13:*.yuv=38;5;13:*.cgm=38;5;13:*.emf=38;5;13:*.axv=38;5;13:*.anx=38;5;13:*.ogv=38;5;13:*.ogx=38;5;13:*.aac=38;5;45:*.au=38;5;45:*.flac=38;5;45:*.mid=38;5;45:*.midi=38;5;45:*.mka=38;5;45:*.mp3=38;5;45:*.mpc=38;5;45:*.ogg=38;5;45:*.ra=38;5;45:*.wav=38;5;45:*.axa=38;5;45:*.oga=38;5;45:*.spx=38;5;45:*.xspf=38;5;45:
VCS_HOME=/fetools/synopsys/installed_tools/vcs/vcs/Q-2020.03-SP2-8
PWD=/fetools/work_area/frontend/Batch_10/rakshith_shetty/DV_PROJECTS/PROTOCOL/I3C_CONTROLLER_VERIFICATION_V2/sim/synopsys_sim
VERDI_HOME=/fetools/synopsys/installed_tools/verdi/verdi/Q-2020.03-SP2-8
HOME=/home/rakshithshetty
LOGNAME=rakshithshetty
HOSTNAME=feserver.mirafra.com
SSH_ASKPASS=/usr/libexec/openssh/gnome-ssh-askpass
OSTYPE=linux
SHLVL=2
MAKEOVERRIDES=${-*-command-variables-*-}
XDG_SESSION_ID=94991
USER=rakshithshetty
QTLIB=/usr/lib64/qt-3.3/lib
REMOTEHOST=106.51.38.11
OLDPWD=/fetools/work_area/frontend/Batch_10/rakshith_shetty/DV_PROJECTS/PROTOCOL/I3C_CONTROLLER_VERIFICATION_V2
VC_STATIC_HOME=/fetools/synopsys/installed_tools/vc_static/U-2023.03-1
FORMALITY=/fetools/synopsys/installed_tools/Formality/fm/S-2021.06-SP2
MAKEFLAGS=si -- uvm_verbosity=UVM_NONE test=i3c_hot_join_test
MFLAGS=-si
SSH_CLIENT=106.51.38.11 62164 22
MAIL=/var/spool/mail/rakshithshetty
SPYGLASS_HOME=/fetools/synopsys/installed_tools/spyglass/S-2021.09-SP1/SPYGLASS_HOME
DC_HOME=/fetools/synopsys/installed_tools/syn/S-2021.06-SP4
HOSTTYPE=x86_64-linux
HISTSIZE=1000
NVM_DIR=/home/rakshithshetty/.nvm
uvm_verbosity=UVM_NONE
GROUP=rakshithshetty
QTINC=/usr/lib64/qt-3.3/include
Prime_HOME=/fetools/synopsys/installed_tools/primetime/prime/S-2021.06-SP2
QTDIR=/usr/lib64/qt-3.3
LANG=en_US.UTF-8
TERM=xterm-256color
HOST=feserver.mirafra.com
MAKELEVEL=1
VCS_PATHMAP_PRELOAD_DONE=1
VCS_STACK_EXEC=true
VCS_EXEC_DONE=1
LC_ALL=C
DVE=/fetools/synopsys/installed_tools/vcs/vcs/Q-2020.03-SP2-8/gui/dve
SPECMAN_OUTPUT_TO_TTY=1
FLEXLM_BORROWFILE=/home/rakshithshetty/.feserver.mirafra.com-borrow.txt
Runtime command line arguments:
argv[0]=./simv
argv[1]=+UVM_TESTNAME=i3c_hot_join_test
argv[2]=+UVM_VERBOSITY=UVM_NONE
argv[3]=-l
argv[4]=i3c_hot_join_test/i3c_hot_join_test.log
227 profile - 100
          CPU/Mem usage: 0.270 sys,  0.550 user,  354.39M mem
228 Elapsed time:    0:00:03    Tue Oct  6 15:14:37 2026
229 pliAppInit
230 FSDB_GATE is set.
231 FSDB_RTL is set.
232 FSDB_RTL is set.
233 FSDB_FIELDTYPE is set.
234 Enable Parallel Dumping.
235 pliAppMiscSet: New Sim Round
236 pliEntryInit
237 LIBSSCORE=found /fetools/synopsys/installed_tools/verdi/verdi/Q-2020.03-SP2-8/share/PLI/lib/LINUXAMD64/libsscore_vcs202003.so through $NOVAS_HOME setting.
238 FSDB Dumper for VCS, Release Verdi_Q-2020.03-SP2-8, Linux x86_64/64bit, 08/31/2021
239 (C) 1996 - 2021 by Synopsys, Inc.
240 DVDI_is_vir_unload_enabled is enable
241 FSDB_VCS_ENABLE_NATIVE_VC is enable
242 sps_call_fsdbDumpvars_vd_main at 0 : Unknown source file(0)
243 argv[0]: (+all)
244 *Verdi* FSDB WARNING: The FSDB file already exists. Overwriting the FSDB file may crash the programs that are using this file.
245 *Verdi* : Create FSDB file 'novas.fsdb'
246 compile option from '/fetools/work_area/frontend/Batch_10/rakshith_shetty/DV_PROJECTS/PROTOCOL/I3C_CONTROLLER_VERIFICATION_V2/sim/synopsys_sim/simv.daidir/vcs_rebuild'.
247   "vcs '-full64' '-sverilog' '+v2k' '-debug_access+all' '-debug_acc+pp+dmptf' '-ntb_opts' 'uvm-1.1' '+ntb_random_seed_automatic' '+memcbk' '+vcs+fsdbon+all' '-override_timescale=1ns/1ps' '-l' 'i3c_compile.log' '+plusarg_ignore' '-f' '../i3c_compile.f' 2>&1"
248 [spi_vcs_vd_ppi_create_root]: no upf option
249 FSDB dumper cannot dump UPF related power signal ($power_tree): no ppiPowerNetwork.
250 Power dumping is enabled and VIR_REDUCTION may not work.
251 *Verdi* : Begin traversing the scopes, layer (0).
252 *Verdi* : Enable +all dumping.
253 *Verdi* : End of traversing.
254 pliAppHDL_DumpVarComplete traverse var: profile - 
          CPU/Mem usage: 0.320 sys,  0.610 user,  472.33M mem
                   incr: 0.030 sys,  0.060 user,  26.20M mem
                   accu: 0.030 sys,  0.060 user,  26.20M mem
              accu incr: 0.030 sys,  0.060 user,  26.20M mem

          Count usage: 903 var,  733 idcode,  376 callback
                 incr: 903 var,  733 idcode,  376 callback
                 accu: 903 var,  733 idcode,  376 callback
            accu incr: 903 var,  733 idcode,  376 callback
255 Elapsed time:    0:00:03    Tue Oct  6 15:14:37 2026
256 pliAppHDL_DumpVarComplete: profile - 
          CPU/Mem usage: 0.320 sys,  0.610 user,  473.52M mem
                   incr: 0.000 sys,  0.000 user,  1.19M mem
                   accu: 0.030 sys,  0.060 user,  27.39M mem
              accu incr: 0.000 sys,  0.000 user,  1.19M mem

          Count usage: 903 var,  733 idcode,  376 callback
                 incr: 0 var,  0 idcode,  0 callback
                 accu: 903 var,  733 idcode,  376 callback
            accu incr: 0 var,  0 idcode,  0 callback
257 Elapsed time:    0:00:03    Tue Oct  6 15:14:37 2026
258 End of simulation at 118160000
259 Elapsed time:    0:00:03    Tue Oct  6 15:14:37 2026
260 Begin FSDB profile info:
261 FSDB Writer : bc1(58117) bcn(11007) mtf/stf(0/0)
FSDB Writer elapsed time : flush(0.016203) io wait(0.000000) theadpool wait(0.000000)
FSDB Writer cpu time : MT Compression : 0
262 End FSDB profile info
263 Parallel profile     - ProducerThread:1 ConsumerThread:1 Buffer:64MB
264                      - BlockUsed:1 Acquire:80392 BufferUsed:873571
265                      - Flush:2 Expand:0 ProducerWait:0 ConsumerWait:0
266                      - MainProducerTime:1.430463271 TotalConsumerTime:0.000000000
267                      - ElapsedTime:0.621844000
268 Producer   0 profile - BlockUsed:1 Acquire:80392 BufferUsed:873571
269 Consumer   0 profile - Affinity:-1 CPUTime:0.000000000 LifeTime:0.000000000 (-nan%)
270                      - BlockUsed:1 Acquire:80392 BufferUsed:873571
271 SimExit
272 Elapsed time:    0:00:03    Tue Oct  6 15:14:37 2026
273 Sim process exit
